Aug 13 15:02:00 localhost kernel: [  605.677280] perf: interrupt took too long (6243 > 6236), lowering kernel.perf_event_max_sample_rate to 32000
Aug 13 15:04:16 localhost kernel: [  742.365137] kworker/dying (21) used greatest stack depth: 23856 bytes left
Aug 13 15:25:08 localhost kernel: [ 1993.719415] perf: interrupt took too long (7805 > 7803), lowering kernel.perf_event_max_sample_rate to 25500
Aug 14 10:57:52 localhost kernel: [    0.000000] microcode: microcode updated early to revision 0xa0b, date = 2010-09-28
Aug 14 10:57:52 localhost kernel: [    0.000000] Linux version 4.10.3 (root@localhost) (gcc version 5.4.0 20160609 (Ubuntu 5.4.0-6ubuntu1~16.04.4) ) #18 SMP Wed Apr 19 13:53:07 IST 2017
Aug 14 10:57:52 localhost kernel: [    0.000000] Command line: BOOT_IMAGE=/boot/vmlinuz-4.10.3 root=UUID=ce5df76c-5e0c-4c0a-8bb8-f1e3e5a2a97d ro quiet splash vt.handoff=7
Aug 14 10:57:52 localhost kernel: [    0.000000] KERNEL supported cpus:
Aug 14 10:57:52 localhost kernel: [    0.000000]   Intel GenuineIntel
Aug 14 10:57:52 localhost kernel: [    0.000000]   AMD AuthenticAMD
Aug 14 10:57:52 localhost kernel: [    0.000000]   Centaur CentaurHauls
Aug 14 10:57:52 localhost kernel: [    0.000000] x86/fpu: Supporting XSAVE feature 0x001: 'x87 floating point registers'
Aug 14 10:57:52 localhost kernel: [    0.000000] x86/fpu: Supporting XSAVE feature 0x002: 'SSE registers'
Aug 14 10:57:52 localhost kernel: [    0.000000] x86/fpu: Enabled xstate features 0x3, context size is 576 bytes, using 'standard' format.
Aug 14 10:57:52 localhost kernel: [    0.000000] e820: BIOS-provided physical RAM map:
Aug 14 10:57:52 localhost kernel: [    0.000000] BIOS-e820: [mem 0x0000000000000000-0x000000000009efff] usable
Aug 14 10:57:52 localhost kernel: [    0.000000] BIOS-e820: [mem 0x000000000009f000-0x000000000009ffff] reserved
Aug 14 10:57:52 localhost kernel: [    0.000000] BIOS-e820: [mem 0x0000000000100000-0x00000000bd8bf3ff] usable
Aug 14 10:57:52 localhost kernel: [    0.000000] BIOS-e820: [mem 0x00000000bd8bf400-0x00000000bdac13ff] ACPI NVS
Aug 14 10:57:52 localhost kernel: [    0.000000] BIOS-e820: [mem 0x00000000bdac1400-0x00000000bfffffff] reserved
Aug 14 10:57:52 localhost kernel: [    0.000000] BIOS-e820: [mem 0x00000000f8000000-0x00000000fbffffff] reserved
Aug 14 10:57:52 localhost kernel: [    0.000000] BIOS-e820: [mem 0x00000000fec00000-0x00000000fec0ffff] reserved
Aug 14 10:57:52 localhost kernel: [    0.000000] BIOS-e820: [mem 0x00000000fed18000-0x00000000fed1bfff] reserved
Aug 14 10:57:52 localhost kernel: [    0.000000] BIOS-e820: [mem 0x00000000fed20000-0x00000000fed8ffff] reserved
Aug 14 10:57:52 localhost kernel: [    0.000000] BIOS-e820: [mem 0x00000000feda0000-0x00000000feda5fff] reserved
Aug 14 10:57:52 localhost kernel: [    0.000000] BIOS-e820: [mem 0x00000000fee00000-0x00000000fee0ffff] reserved
Aug 14 10:57:52 localhost kernel: [    0.000000] BIOS-e820: [mem 0x00000000ffe00000-0x00000000ffffffff] reserved
Aug 14 10:57:52 localhost kernel: [    0.000000] NX (Execute Disable) protection: active
Aug 14 10:57:52 localhost kernel: [    0.000000] SMBIOS 2.4 present.
Aug 14 10:57:52 localhost kernel: [    0.000000] DMI: Dell Inc. Inspiron 1545                   /0J037P, BIOS A14 12/07/2009
Aug 14 10:57:52 localhost kernel: [    0.000000] e820: update [mem 0x00000000-0x00000fff] usable ==> reserved
Aug 14 10:57:52 localhost kernel: [    0.000000] e820: remove [mem 0x000a0000-0x000fffff] usable
Aug 14 10:57:52 localhost kernel: [    0.000000] e820: last_pfn = 0xbd8bf max_arch_pfn = 0x400000000
Aug 14 10:57:52 localhost kernel: [    0.000000] MTRR default type: uncachable
Aug 14 10:57:52 localhost kernel: [    0.000000] MTRR fixed ranges enabled:
Aug 14 10:57:52 localhost kernel: [    0.000000]   00000-9FFFF write-back
Aug 14 10:57:52 localhost kernel: [    0.000000]   A0000-BFFFF uncachable
Aug 14 10:57:52 localhost kernel: [    0.000000]   C0000-CFFFF write-protect
Aug 14 10:57:52 localhost kernel: [    0.000000]   D0000-EFFFF uncachable
Aug 14 10:57:52 localhost kernel: [    0.000000]   F0000-FFFFF write-protect
Aug 14 10:57:52 localhost kernel: [    0.000000] MTRR variable ranges enabled:
Aug 14 10:57:52 localhost kernel: [    0.000000]   0 base 000000000 mask 800000000 write-back
Aug 14 10:57:52 localhost kernel: [    0.000000]   1 base 0E0000000 mask FE0000000 uncachable
Aug 14 10:57:52 localhost kernel: [    0.000000]   2 base 0BDC00000 mask FFFC00000 uncachable
Aug 14 10:57:52 localhost kernel: [    0.000000]   3 base 0BE000000 mask FFE000000 uncachable
Aug 14 10:57:52 localhost kernel: [    0.000000]   4 disabled
Aug 14 10:57:52 localhost kernel: [    0.000000]   5 disabled
Aug 14 10:57:52 localhost kernel: [    0.000000]   6 disabled
Aug 14 10:57:52 localhost kernel: [    0.000000] x86/PAT: Configuration [0-7]: WB  WC  UC- UC  WB  WC  UC- WT  
Aug 14 10:57:52 localhost kernel: [    0.000000] total RAM covered: 32220M
Aug 14 10:57:52 localhost kernel: [    0.000000]  gran_size: 64K 	chunk_size: 64K 	num_reg: 7  	lose cover RAM: 29188M
Aug 14 10:57:52 localhost kernel: [    0.000000]  gran_size: 64K 	chunk_size: 128K 	num_reg: 7  	lose cover RAM: 29188M
Aug 14 10:57:52 localhost kernel: [    0.000000]  gran_size: 64K 	chunk_size: 256K 	num_reg: 7  	lose cover RAM: 29188M
Aug 14 10:57:52 localhost kernel: [    0.000000]  gran_size: 64K 	chunk_size: 512K 	num_reg: 7  	lose cover RAM: 29188M
Aug 14 10:57:52 localhost kernel: [    0.000000]  gran_size: 64K 	chunk_size: 1M 	num_reg: 7  	lose cover RAM: 29188M
Aug 14 10:57:52 localhost kernel: [    0.000000]  gran_size: 64K 	chunk_size: 2M 	num_reg: 7  	lose cover RAM: 29188M
Aug 14 10:57:52 localhost kernel: [    0.000000]  gran_size: 64K 	chunk_size: 4M 	num_reg: 7  	lose cover RAM: 29188M
Aug 14 10:57:52 localhost kernel: [    0.000000]  gran_size: 64K 	chunk_size: 8M 	num_reg: 7  	lose cover RAM: 29184M
Aug 14 10:57:52 localhost kernel: [    0.000000]  gran_size: 64K 	chunk_size: 16M 	num_reg: 7  	lose cover RAM: 29184M
Aug 14 10:57:52 localhost kernel: [    0.000000]  gran_size: 64K 	chunk_size: 32M 	num_reg: 7  	lose cover RAM: 29184M
Aug 14 10:57:52 localhost kernel: [    0.000000]  gran_size: 64K 	chunk_size: 64M 	num_reg: 7  	lose cover RAM: 16G
Aug 14 10:57:52 localhost kernel: [    0.000000]  gran_size: 64K 	chunk_size: 128M 	num_reg: 7  	lose cover RAM: 16G
Aug 14 10:57:52 localhost kernel: [    0.000000]  gran_size: 64K 	chunk_size: 256M 	num_reg: 7  	lose cover RAM: 16G
Aug 14 10:57:52 localhost kernel: [    0.000000]  gran_size: 64K 	chunk_size: 512M 	num_reg: 7  	lose cover RAM: 16G
Aug 14 10:57:52 localhost kernel: [    0.000000]  gran_size: 64K 	chunk_size: 1G 	num_reg: 7  	lose cover RAM: 16G
Aug 14 10:57:52 localhost kernel: [    0.000000]  gran_size: 64K 	chunk_size: 2G 	num_reg: 7  	lose cover RAM: 29188M
Aug 14 10:57:52 localhost kernel: [    0.000000]  gran_size: 128K 	chunk_size: 128K 	num_reg: 7  	lose cover RAM: 29188M
Aug 14 10:57:52 localhost kernel: [    0.000000]  gran_size: 128K 	chunk_size: 256K 	num_reg: 7  	lose cover RAM: 29188M
Aug 14 10:57:52 localhost kernel: [    0.000000]  gran_size: 128K 	chunk_size: 512K 	num_reg: 7  	lose cover RAM: 29188M
Aug 14 10:57:52 localhost kernel: [    0.000000]  gran_size: 128K 	chunk_size: 1M 	num_reg: 7  	lose cover RAM: 29188M
Aug 14 10:57:52 localhost kernel: [    0.000000]  gran_size: 128K 	chunk_size: 2M 	num_reg: 7  	lose cover RAM: 29188M
Aug 14 10:57:52 localhost kernel: [    0.000000]  gran_size: 128K 	chunk_size: 4M 	num_reg: 7  	lose cover RAM: 29188M
Aug 14 10:57:52 localhost kernel: [    0.000000]  gran_size: 128K 	chunk_size: 8M 	num_reg: 7  	lose cover RAM: 29184M
Aug 14 10:57:52 localhost kernel: [    0.000000]  gran_size: 128K 	chunk_size: 16M 	num_reg: 7  	lose cover RAM: 29184M
Aug 14 10:57:52 localhost kernel: [    0.000000]  gran_size: 128K 	chunk_size: 32M 	num_reg: 7  	lose cover RAM: 29184M
Aug 14 10:57:52 localhost kernel: [    0.000000]  gran_size: 128K 	chunk_size: 64M 	num_reg: 7  	lose cover RAM: 16G
Aug 14 10:57:52 localhost kernel: [    0.000000]  gran_size: 128K 	chunk_size: 128M 	num_reg: 7  	lose cover RAM: 16G
Aug 14 10:57:52 localhost kernel: [    0.000000]  gran_size: 128K 	chunk_size: 256M 	num_reg: 7  	lose cover RAM: 16G
Aug 14 10:57:52 localhost kernel: [    0.000000]  gran_size: 128K 	chunk_size: 512M 	num_reg: 7  	lose cover RAM: 16G
Aug 14 10:57:52 localhost kernel: [    0.000000]  gran_size: 128K 	chunk_size: 1G 	num_reg: 7  	lose cover RAM: 16G
Aug 14 10:57:52 localhost kernel: [    0.000000]  gran_size: 128K 	chunk_size: 2G 	num_reg: 7  	lose cover RAM: 29188M
Aug 14 10:57:52 localhost kernel: [    0.000000]  gran_size: 256K 	chunk_size: 256K 	num_reg: 7  	lose cover RAM: 29188M
Aug 14 10:57:52 localhost kernel: [    0.000000]  gran_size: 256K 	chunk_size: 512K 	num_reg: 7  	lose cover RAM: 29188M
Aug 14 10:57:52 localhost kernel: [    0.000000]  gran_size: 256K 	chunk_size: 1M 	num_reg: 7  	lose cover RAM: 29188M
Aug 14 10:57:52 localhost kernel: [    0.000000]  gran_size: 256K 	chunk_size: 2M 	num_reg: 7  	lose cover RAM: 29188M
Aug 14 10:57:52 localhost kernel: [    0.000000]  gran_size: 256K 	chunk_size: 4M 	num_reg: 7  	lose cover RAM: 29188M
Aug 14 10:57:52 localhost kernel: [    0.000000]  gran_size: 256K 	chunk_size: 8M 	num_reg: 7  	lose cover RAM: 29184M
Aug 14 10:57:52 localhost kernel: [    0.000000]  gran_size: 256K 	chunk_size: 16M 	num_reg: 7  	lose cover RAM: 29184M
Aug 14 10:57:52 localhost kernel: [    0.000000]  gran_size: 256K 	chunk_size: 32M 	num_reg: 7  	lose cover RAM: 29184M
Aug 14 10:57:52 localhost kernel: [    0.000000]  gran_size: 256K 	chunk_size: 64M 	num_reg: 7  	lose cover RAM: 16G
Aug 14 10:57:52 localhost kernel: [    0.000000]  gran_size: 256K 	chunk_size: 128M 	num_reg: 7  	lose cover RAM: 16G
Aug 14 10:57:52 localhost kernel: [    0.000000]  gran_size: 256K 	chunk_size: 256M 	num_reg: 7  	lose cover RAM: 16G
Aug 14 10:57:52 localhost kernel: [    0.000000]  gran_size: 256K 	chunk_size: 512M 	num_reg: 7  	lose cover RAM: 16G
Aug 14 10:57:52 localhost kernel: [    0.000000]  gran_size: 256K 	chunk_size: 1G 	num_reg: 7  	lose cover RAM: 16G
Aug 14 10:57:52 localhost kernel: [    0.000000]  gran_size: 256K 	chunk_size: 2G 	num_reg: 7  	lose cover RAM: 29188M
Aug 14 10:57:52 localhost kernel: [    0.000000]  gran_size: 512K 	chunk_size: 512K 	num_reg: 7  	lose cover RAM: 29188M
Aug 14 10:57:52 localhost kernel: [    0.000000]  gran_size: 512K 	chunk_size: 1M 	num_reg: 7  	lose cover RAM: 29188M
Aug 14 10:57:52 localhost kernel: [    0.000000]  gran_size: 512K 	chunk_size: 2M 	num_reg: 7  	lose cover RAM: 29188M
Aug 14 10:57:52 localhost kernel: [    0.000000]  gran_size: 512K 	chunk_size: 4M 	num_reg: 7  	lose cover RAM: 29188M
Aug 14 10:57:52 localhost kernel: [    0.000000]  gran_size: 512K 	chunk_size: 8M 	num_reg: 7  	lose cover RAM: 29184M
Aug 14 10:57:52 localhost kernel: [    0.000000]  gran_size: 512K 	chunk_size: 16M 	num_reg: 7  	lose cover RAM: 29184M
Aug 14 10:57:52 localhost kernel: [    0.000000]  gran_size: 512K 	chunk_size: 32M 	num_reg: 7  	lose cover RAM: 29184M
Aug 14 10:57:52 localhost kernel: [    0.000000]  gran_size: 512K 	chunk_size: 64M 	num_reg: 7  	lose cover RAM: 16G
Aug 14 10:57:52 localhost kernel: [    0.000000]  gran_size: 512K 	chunk_size: 128M 	num_reg: 7  	lose cover RAM: 16G
Aug 14 10:57:52 localhost kernel: [    0.000000]  gran_size: 512K 	chunk_size: 256M 	num_reg: 7  	lose cover RAM: 16G
Aug 14 10:57:52 localhost kernel: [    0.000000]  gran_size: 512K 	chunk_size: 512M 	num_reg: 7  	lose cover RAM: 16G
Aug 14 10:57:52 localhost kernel: [    0.000000]  gran_size: 512K 	chunk_size: 1G 	num_reg: 7  	lose cover RAM: 16G
Aug 14 10:57:52 localhost kernel: [    0.000000]  gran_size: 512K 	chunk_size: 2G 	num_reg: 7  	lose cover RAM: 29188M
Aug 14 10:57:52 localhost kernel: [    0.000000]  gran_size: 1M 	chunk_size: 1M 	num_reg: 7  	lose cover RAM: 29188M
Aug 14 10:57:52 localhost kernel: [    0.000000]  gran_size: 1M 	chunk_size: 2M 	num_reg: 7  	lose cover RAM: 29188M
Aug 14 10:57:52 localhost kernel: [    0.000000]  gran_size: 1M 	chunk_size: 4M 	num_reg: 7  	lose cover RAM: 29188M
Aug 14 10:57:52 localhost kernel: [    0.000000]  gran_size: 1M 	chunk_size: 8M 	num_reg: 7  	lose cover RAM: 29184M
Aug 14 10:57:52 localhost kernel: [    0.000000]  gran_size: 1M 	chunk_size: 16M 	num_reg: 7  	lose cover RAM: 29184M
Aug 14 10:57:52 localhost kernel: [    0.000000]  gran_size: 1M 	chunk_size: 32M 	num_reg: 7  	lose cover RAM: 29184M
Aug 14 10:57:52 localhost kernel: [    0.000000]  gran_size: 1M 	chunk_size: 64M 	num_reg: 7  	lose cover RAM: 16G
Aug 14 10:57:52 localhost kernel: [    0.000000]  gran_size: 1M 	chunk_size: 128M 	num_reg: 7  	lose cover RAM: 16G
Aug 14 10:57:52 localhost kernel: [    0.000000]  gran_size: 1M 	chunk_size: 256M 	num_reg: 7  	lose cover RAM: 16G
Aug 14 10:57:52 localhost kernel: [    0.000000]  gran_size: 1M 	chunk_size: 512M 	num_reg: 7  	lose cover RAM: 16G
Aug 14 10:57:52 localhost kernel: [    0.000000]  gran_size: 1M 	chunk_size: 1G 	num_reg: 7  	lose cover RAM: 16G
Aug 14 10:57:52 localhost kernel: [    0.000000]  gran_size: 1M 	chunk_size: 2G 	num_reg: 7  	lose cover RAM: 29188M
Aug 14 10:57:52 localhost kernel: [    0.000000]  gran_size: 2M 	chunk_size: 2M 	num_reg: 7  	lose cover RAM: 29188M
Aug 14 10:57:52 localhost kernel: [    0.000000]  gran_size: 2M 	chunk_size: 4M 	num_reg: 7  	lose cover RAM: 29188M
Aug 14 10:57:52 localhost kernel: [    0.000000]  gran_size: 2M 	chunk_size: 8M 	num_reg: 7  	lose cover RAM: 29184M
Aug 14 10:57:52 localhost kernel: [    0.000000]  gran_size: 2M 	chunk_size: 16M 	num_reg: 7  	lose cover RAM: 29184M
Aug 14 10:57:52 localhost kernel: [    0.000000]  gran_size: 2M 	chunk_size: 32M 	num_reg: 7  	lose cover RAM: 29184M
Aug 14 10:57:52 localhost kernel: [    0.000000]  gran_size: 2M 	chunk_size: 64M 	num_reg: 7  	lose cover RAM: 16G
Aug 14 10:57:52 localhost kernel: [    0.000000]  gran_size: 2M 	chunk_size: 128M 	num_reg: 7  	lose cover RAM: 16G
Aug 14 10:57:52 localhost kernel: [    0.000000]  gran_size: 2M 	chunk_size: 256M 	num_reg: 7  	lose cover RAM: 16G
Aug 14 10:57:52 localhost kernel: [    0.000000]  gran_size: 2M 	chunk_size: 512M 	num_reg: 7  	lose cover RAM: 16G
Aug 14 10:57:52 localhost kernel: [    0.000000]  gran_size: 2M 	chunk_size: 1G 	num_reg: 7  	lose cover RAM: 16G
Aug 14 10:57:52 localhost kernel: [    0.000000]  gran_size: 2M 	chunk_size: 2G 	num_reg: 7  	lose cover RAM: 29188M
Aug 14 10:57:52 localhost kernel: [    0.000000]  gran_size: 4M 	chunk_size: 4M 	num_reg: 7  	lose cover RAM: 29188M
Aug 14 10:57:52 localhost kernel: [    0.000000]  gran_size: 4M 	chunk_size: 8M 	num_reg: 7  	lose cover RAM: 29184M
Aug 14 10:57:52 localhost kernel: [    0.000000]  gran_size: 4M 	chunk_size: 16M 	num_reg: 7  	lose cover RAM: 29184M
Aug 14 10:57:52 localhost kernel: [    0.000000]  gran_size: 4M 	chunk_size: 32M 	num_reg: 7  	lose cover RAM: 29184M
Aug 14 10:57:52 localhost kernel: [    0.000000]  gran_size: 4M 	chunk_size: 64M 	num_reg: 7  	lose cover RAM: 16G
Aug 14 10:57:52 localhost kernel: [    0.000000]  gran_size: 4M 	chunk_size: 128M 	num_reg: 7  	lose cover RAM: 16G
Aug 14 10:57:52 localhost kernel: [    0.000000]  gran_size: 4M 	chunk_size: 256M 	num_reg: 7  	lose cover RAM: 16G
Aug 14 10:57:52 localhost kernel: [    0.000000]  gran_size: 4M 	chunk_size: 512M 	num_reg: 7  	lose cover RAM: 16G
Aug 14 10:57:52 localhost kernel: [    0.000000]  gran_size: 4M 	chunk_size: 1G 	num_reg: 7  	lose cover RAM: 16G
Aug 14 10:57:52 localhost kernel: [    0.000000]  gran_size: 4M 	chunk_size: 2G 	num_reg: 7  	lose cover RAM: 29188M
Aug 14 10:57:52 localhost kernel: [    0.000000]  gran_size: 8M 	chunk_size: 8M 	num_reg: 7  	lose cover RAM: 29188M
Aug 14 10:57:52 localhost kernel: [    0.000000]  gran_size: 8M 	chunk_size: 16M 	num_reg: 7  	lose cover RAM: 29188M
Aug 14 10:57:52 localhost kernel: [    0.000000]  gran_size: 8M 	chunk_size: 32M 	num_reg: 7  	lose cover RAM: 29188M
Aug 14 10:57:52 localhost kernel: [    0.000000]  gran_size: 8M 	chunk_size: 64M 	num_reg: 7  	lose cover RAM: 16388M
Aug 14 10:57:52 localhost kernel: [    0.000000]  gran_size: 8M 	chunk_size: 128M 	num_reg: 7  	lose cover RAM: 16388M
Aug 14 10:57:52 localhost kernel: [    0.000000]  gran_size: 8M 	chunk_size: 256M 	num_reg: 7  	lose cover RAM: 16388M
Aug 14 10:57:52 localhost kernel: [    0.000000]  gran_size: 8M 	chunk_size: 512M 	num_reg: 7  	lose cover RAM: 16388M
Aug 14 10:57:52 localhost kernel: [    0.000000]  gran_size: 8M 	chunk_size: 1G 	num_reg: 7  	lose cover RAM: 16388M
Aug 14 10:57:52 localhost kernel: [    0.000000]  gran_size: 8M 	chunk_size: 2G 	num_reg: 7  	lose cover RAM: 29188M
Aug 14 10:57:52 localhost kernel: [    0.000000]  gran_size: 16M 	chunk_size: 16M 	num_reg: 7  	lose cover RAM: 28684M
Aug 14 10:57:52 localhost kernel: [    0.000000]  gran_size: 16M 	chunk_size: 32M 	num_reg: 7  	lose cover RAM: 29196M
Aug 14 10:57:52 localhost kernel: [    0.000000]  gran_size: 16M 	chunk_size: 64M 	num_reg: 7  	lose cover RAM: 16396M
Aug 14 10:57:52 localhost kernel: [    0.000000]  gran_size: 16M 	chunk_size: 128M 	num_reg: 7  	lose cover RAM: 16396M
Aug 14 10:57:52 localhost kernel: [    0.000000]  gran_size: 16M 	chunk_size: 256M 	num_reg: 7  	lose cover RAM: 16396M
Aug 14 10:57:52 localhost kernel: [    0.000000]  gran_size: 16M 	chunk_size: 512M 	num_reg: 7  	lose cover RAM: 16396M
Aug 14 10:57:52 localhost kernel: [    0.000000]  gran_size: 16M 	chunk_size: 1G 	num_reg: 7  	lose cover RAM: 16396M
Aug 14 10:57:52 localhost kernel: [    0.000000]  gran_size: 16M 	chunk_size: 2G 	num_reg: 7  	lose cover RAM: 28172M
Aug 14 10:57:52 localhost kernel: [    0.000000]  gran_size: 32M 	chunk_size: 32M 	num_reg: 7  	lose cover RAM: 24604M
Aug 14 10:57:52 localhost kernel: [    0.000000]  gran_size: 32M 	chunk_size: 64M 	num_reg: 7  	lose cover RAM: 24604M
Aug 14 10:57:52 localhost kernel: [    0.000000]  gran_size: 32M 	chunk_size: 128M 	num_reg: 7  	lose cover RAM: 28M
Aug 14 10:57:52 localhost kernel: [    0.000000]  gran_size: 32M 	chunk_size: 256M 	num_reg: 7  	lose cover RAM: 28M
Aug 14 10:57:52 localhost kernel: [    0.000000]  gran_size: 32M 	chunk_size: 512M 	num_reg: 7  	lose cover RAM: 28M
Aug 14 10:57:52 localhost kernel: [    0.000000]  gran_size: 32M 	chunk_size: 1G 	num_reg: 7  	lose cover RAM: 28M
Aug 14 10:57:52 localhost kernel: [    0.000000]  gran_size: 32M 	chunk_size: 2G 	num_reg: 7  	lose cover RAM: 27164M
Aug 14 10:57:52 localhost kernel: [    0.000000]  gran_size: 64M 	chunk_size: 64M 	num_reg: 7  	lose cover RAM: 24604M
Aug 14 10:57:52 localhost kernel: [    0.000000]  gran_size: 64M 	chunk_size: 128M 	num_reg: 7  	lose cover RAM: 28M
Aug 14 10:57:52 localhost kernel: [    0.000000]  gran_size: 64M 	chunk_size: 256M 	num_reg: 7  	lose cover RAM: 28M
Aug 14 10:57:52 localhost kernel: [    0.000000]  gran_size: 64M 	chunk_size: 512M 	num_reg: 7  	lose cover RAM: 28M
Aug 14 10:57:52 localhost kernel: [    0.000000]  gran_size: 64M 	chunk_size: 1G 	num_reg: 7  	lose cover RAM: 28M
Aug 14 10:57:52 localhost kernel: [    0.000000]  gran_size: 64M 	chunk_size: 2G 	num_reg: 7  	lose cover RAM: 27164M
Aug 14 10:57:52 localhost kernel: [    0.000000]  gran_size: 128M 	chunk_size: 128M 	num_reg: 7  	lose cover RAM: 16476M
Aug 14 10:57:52 localhost kernel: [    0.000000]  gran_size: 128M 	chunk_size: 256M 	num_reg: 7  	lose cover RAM: 92M
Aug 14 10:57:52 localhost kernel: [    0.000000]  gran_size: 128M 	chunk_size: 512M 	num_reg: 7  	lose cover RAM: 92M
Aug 14 10:57:52 localhost kernel: [    0.000000]  gran_size: 128M 	chunk_size: 1G 	num_reg: 7  	lose cover RAM: 92M
Aug 14 10:57:52 localhost kernel: [    0.000000]  gran_size: 128M 	chunk_size: 2G 	num_reg: 7  	lose cover RAM: 27740M
Aug 14 10:57:52 localhost kernel: [    0.000000]  gran_size: 256M 	chunk_size: 256M 	num_reg: 7  	lose cover RAM: 220M
Aug 14 10:57:52 localhost kernel: [    0.000000]  gran_size: 256M 	chunk_size: 512M 	num_reg: 7  	lose cover RAM: 220M
Aug 14 10:57:52 localhost kernel: [    0.000000]  gran_size: 256M 	chunk_size: 1G 	num_reg: 7  	lose cover RAM: 220M
Aug 14 10:57:52 localhost kernel: [    0.000000]  gran_size: 256M 	chunk_size: 2G 	num_reg: 7  	lose cover RAM: 26844M
Aug 14 10:57:52 localhost kernel: [    0.000000]  gran_size: 512M 	chunk_size: 512M 	num_reg: 6  	lose cover RAM: 476M
Aug 14 10:57:52 localhost kernel: [    0.000000]  gran_size: 512M 	chunk_size: 1G 	num_reg: 7  	lose cover RAM: 476M
Aug 14 10:57:52 localhost kernel: [    0.000000]  gran_size: 512M 	chunk_size: 2G 	num_reg: 7  	lose cover RAM: 25052M
Aug 14 10:57:52 localhost kernel: [    0.000000]  gran_size: 1G 	chunk_size: 1G 	num_reg: 4  	lose cover RAM: 1500M
Aug 14 10:57:52 localhost kernel: [    0.000000]  gran_size: 1G 	chunk_size: 2G 	num_reg: 4  	lose cover RAM: 1500M
Aug 14 10:57:52 localhost kernel: [    0.000000]  gran_size: 2G 	chunk_size: 2G 	num_reg: 4  	lose cover RAM: 1500M
Aug 14 10:57:52 localhost kernel: [    0.000000] mtrr_cleanup: can not find optimal value
Aug 14 10:57:52 localhost kernel: [    0.000000] please specify mtrr_gran_size/mtrr_chunk_size
Aug 14 10:57:52 localhost kernel: [    0.000000] e820: update [mem 0xbdc00000-0xbfffffff] usable ==> reserved
Aug 14 10:57:52 localhost kernel: [    0.000000] e820: update [mem 0xe0000000-0xffffffff] usable ==> reserved
Aug 14 10:57:52 localhost kernel: [    0.000000] Scanning 1 areas for low memory corruption
Aug 14 10:57:52 localhost kernel: [    0.000000] Base memory trampoline at [ffff880000099000] 99000 size 24576
Aug 14 10:57:52 localhost kernel: [    0.000000] BRK [0xb064f000, 0xb064ffff] PGTABLE
Aug 14 10:57:52 localhost kernel: [    0.000000] BRK [0xb0650000, 0xb0650fff] PGTABLE
Aug 14 10:57:52 localhost kernel: [    0.000000] BRK [0xb0651000, 0xb0651fff] PGTABLE
Aug 14 10:57:52 localhost kernel: [    0.000000] BRK [0xb0652000, 0xb0652fff] PGTABLE
Aug 14 10:57:52 localhost kernel: [    0.000000] BRK [0xb0653000, 0xb0653fff] PGTABLE
Aug 14 10:57:52 localhost kernel: [    0.000000] BRK [0xb0654000, 0xb0654fff] PGTABLE
Aug 14 10:57:52 localhost kernel: [    0.000000] RAMDISK: [mem 0x0f302000-0x23978fff]
Aug 14 10:57:52 localhost kernel: [    0.000000] ACPI: Early table checksum verification disabled
Aug 14 10:57:52 localhost kernel: [    0.000000] ACPI: RSDP 0x00000000000FBDD0 000024 (v02 DELL  )
Aug 14 10:57:52 localhost kernel: [    0.000000] ACPI: XSDT 0x00000000BDAC3E00 000054 (v01 DELL   WN09     27D90C07 ASL  00000061)
Aug 14 10:57:52 localhost kernel: [    0.000000] ACPI: FACP 0x00000000BDAC3C9C 0000F4 (v04 DELL   WN09     27D90C07 ASL  00000061)
Aug 14 10:57:52 localhost kernel: [    0.000000] ACPI BIOS Warning (bug): 32/64X length mismatch in FADT/Gpe0Block: 128/64 (20160930/tbfadt-603)
Aug 14 10:57:52 localhost kernel: [    0.000000] ACPI: DSDT 0x00000000BDAC4400 005451 (v02 INT430 SYSFexxx 00001001 INTL 20050624)
Aug 14 10:57:52 localhost kernel: [    0.000000] ACPI: FACS 0x00000000BDAD2C00 000040
Aug 14 10:57:52 localhost kernel: [    0.000000] ACPI: FACS 0x00000000BDAD2C00 000040
Aug 14 10:57:52 localhost kernel: [    0.000000] ACPI: HPET 0x00000000BDAC3F00 000038 (v01 DELL   WN09     00000001 ASL  00000061)
Aug 14 10:57:52 localhost kernel: [    0.000000] ACPI: APIC 0x00000000BDAC4000 000068 (v01 DELL   WN09     27D90C07 ASL  00000047)
Aug 14 10:57:52 localhost kernel: [    0.000000] ACPI: MCFG 0x00000000BDAC3FC0 00003E (v16 DELL   WN09     27D90C07 ASL  00000061)
Aug 14 10:57:52 localhost kernel: [    0.000000] ACPI: SLIC 0x00000000BDAC409C 000176 (v01 DELL   WN09     27D90C07 ASL  00000061)
Aug 14 10:57:52 localhost kernel: [    0.000000] ACPI: SSDT 0x00000000BDAC2363 00066C (v01 PmRef  CpuPm    00003000 INTL 20050624)
Aug 14 10:57:52 localhost kernel: [    0.000000] ACPI: Local APIC address 0xfee00000
Aug 14 10:57:52 localhost kernel: [    0.000000] Zone ranges:
Aug 14 10:57:52 localhost kernel: [    0.000000]   DMA      [mem 0x0000000000001000-0x0000000000ffffff]
Aug 14 10:57:52 localhost kernel: [    0.000000]   DMA32    [mem 0x0000000001000000-0x00000000bd8befff]
Aug 14 10:57:52 localhost kernel: [    0.000000]   Normal   empty
Aug 14 10:57:52 localhost kernel: [    0.000000] Movable zone start for each node
Aug 14 10:57:52 localhost kernel: [    0.000000] Early memory node ranges
Aug 14 10:57:52 localhost kernel: [    0.000000]   node   0: [mem 0x0000000000001000-0x000000000009efff]
Aug 14 10:57:52 localhost kernel: [    0.000000]   node   0: [mem 0x0000000000100000-0x00000000bd8befff]
Aug 14 10:57:52 localhost kernel: [    0.000000] Initmem setup node 0 [mem 0x0000000000001000-0x00000000bd8befff]
Aug 14 10:57:52 localhost kernel: [    0.000000] On node 0 totalpages: 776285
Aug 14 10:57:52 localhost kernel: [    0.000000]   DMA zone: 64 pages used for memmap
Aug 14 10:57:52 localhost kernel: [    0.000000]   DMA zone: 21 pages reserved
Aug 14 10:57:52 localhost kernel: [    0.000000]   DMA zone: 3998 pages, LIFO batch:0
Aug 14 10:57:52 localhost kernel: [    0.000000]   DMA32 zone: 12067 pages used for memmap
Aug 14 10:57:52 localhost kernel: [    0.000000]   DMA32 zone: 772287 pages, LIFO batch:31
Aug 14 10:57:52 localhost kernel: [    0.000000] kasan: KernelAddressSanitizer initialized
Aug 14 10:57:52 localhost kernel: [    0.000000] Reserving Intel graphics memory at 0x00000000be000000-0x00000000bfffffff
Aug 14 10:57:52 localhost kernel: [    0.000000] ACPI: PM-Timer IO Port: 0x1008
Aug 14 10:57:52 localhost kernel: [    0.000000] ACPI: Local APIC address 0xfee00000
Aug 14 10:57:52 localhost kernel: [    0.000000] ACPI: LAPIC_NMI (acpi_id[0x00] high edge lint[0x1])
Aug 14 10:57:52 localhost kernel: [    0.000000] ACPI: LAPIC_NMI (acpi_id[0x01] high edge lint[0x1])
Aug 14 10:57:52 localhost kernel: [    0.000000] IOAPIC[0]: apic_id 2, version 32, address 0xfec00000, GSI 0-23
Aug 14 10:57:52 localhost kernel: [    0.000000] ACPI: INT_SRC_OVR (bus 0 bus_irq 0 global_irq 2 dfl dfl)
Aug 14 10:57:52 localhost kernel: [    0.000000] ACPI: INT_SRC_OVR (bus 0 bus_irq 9 global_irq 9 high level)
Aug 14 10:57:52 localhost kernel: [    0.000000] ACPI: IRQ0 used by override.
Aug 14 10:57:52 localhost kernel: [    0.000000] ACPI: IRQ9 used by override.
Aug 14 10:57:52 localhost kernel: [    0.000000] Using ACPI (MADT) for SMP configuration information
Aug 14 10:57:52 localhost kernel: [    0.000000] ACPI: HPET id: 0x8086a201 base: 0xfed00000
Aug 14 10:57:52 localhost kernel: [    0.000000] smpboot: Allowing 2 CPUs, 0 hotplug CPUs
Aug 14 10:57:52 localhost kernel: [    0.000000] PM: Registered nosave memory: [mem 0x00000000-0x00000fff]
Aug 14 10:57:52 localhost kernel: [    0.000000] PM: Registered nosave memory: [mem 0x0009f000-0x0009ffff]
Aug 14 10:57:52 localhost kernel: [    0.000000] PM: Registered nosave memory: [mem 0x000a0000-0x000fffff]
Aug 14 10:57:52 localhost kernel: [    0.000000] e820: [mem 0xc0000000-0xf7ffffff] available for PCI devices
Aug 14 10:57:52 localhost kernel: [    0.000000] Booting paravirtualized kernel on bare hardware
Aug 14 10:57:52 localhost kernel: [    0.000000] clocksource: refined-jiffies: mask: 0xffffffff max_cycles: 0xffffffff, max_idle_ns: 7645519600211568 ns
Aug 14 10:57:52 localhost kernel: [    0.000000] setup_percpu: NR_CPUS:8 nr_cpumask_bits:8 nr_cpu_ids:2 nr_node_ids:1
Aug 14 10:57:52 localhost kernel: [    0.000000] percpu: Embedded 45 pages/cpu @ffff88009f800000 s143832 r8192 d32296 u1048576
Aug 14 10:57:52 localhost kernel: [    0.000000] pcpu-alloc: s143832 r8192 d32296 u1048576 alloc=1*2097152
Aug 14 10:57:52 localhost kernel: [    0.000000] pcpu-alloc: [0] 0 1 
Aug 14 10:57:52 localhost kernel: [    0.000000] Built 1 zonelists in Zone order, mobility grouping on.  Total pages: 764133
Aug 14 10:57:52 localhost kernel: [    0.000000] Kernel command line: BOOT_IMAGE=/boot/vmlinuz-4.10.3 root=UUID=ce5df76c-5e0c-4c0a-8bb8-f1e3e5a2a97d ro quiet splash vt.handoff=7
Aug 14 10:57:52 localhost kernel: [    0.000000] PID hash table entries: 4096 (order: 3, 32768 bytes)
Aug 14 10:57:52 localhost kernel: [    0.000000] Dentry cache hash table entries: 524288 (order: 10, 4194304 bytes)
Aug 14 10:57:52 localhost kernel: [    0.000000] Inode-cache hash table entries: 262144 (order: 9, 2097152 bytes)
Aug 14 10:57:52 localhost kernel: [    0.000000] Memory: 2280484K/3105140K available (13778K kernel code, 5017K rwdata, 6436K rodata, 1908K init, 9728K bss, 824656K reserved, 0K cma-reserved)
Aug 14 10:57:52 localhost kernel: [    0.000000] SLUB: HWalign=64, Order=0-3, MinObjects=0, CPUs=2, Nodes=1
Aug 14 10:57:52 localhost kernel: [    0.000000] kmemleak: Kernel memory leak detector disabled
Aug 14 10:57:52 localhost kernel: [    0.000000] Hierarchical RCU implementation.
Aug 14 10:57:52 localhost kernel: [    0.000000] 	Build-time adjustment of leaf fanout to 64.
Aug 14 10:57:52 localhost kernel: [    0.000000] 	RCU restricting CPUs from NR_CPUS=8 to nr_cpu_ids=2.
Aug 14 10:57:52 localhost kernel: [    0.000000] RCU: Adjusting geometry for rcu_fanout_leaf=64, nr_cpu_ids=2
Aug 14 10:57:52 localhost kernel: [    0.000000] NR_IRQS:4352 nr_irqs:440 16
Aug 14 10:57:52 localhost kernel: [    0.000000] Console: colour dummy device 80x25
Aug 14 10:57:52 localhost kernel: [    0.000000] console [tty0] enabled
Aug 14 10:57:52 localhost kernel: [    0.000000] kmemleak: Early log buffer exceeded (1977), please increase DEBUG_KMEMLEAK_EARLY_LOG_SIZE
Aug 14 10:57:52 localhost kernel: [    0.000000] clocksource: hpet: mask: 0xffffffff max_cycles: 0xffffffff, max_idle_ns: 133484882848 ns
Aug 14 10:57:52 localhost kernel: [    0.000000] hpet clockevent registered
Aug 14 10:57:52 localhost kernel: [    0.000000] tsc: Fast TSC calibration using PIT
Aug 14 10:57:52 localhost kernel: [    0.000000] tsc: Detected 1994.963 MHz processor
Aug 14 10:57:52 localhost kernel: [    0.004026] Calibrating delay loop (skipped), value calculated using timer frequency.. 3989.92 BogoMIPS (lpj=7979852)
Aug 14 10:57:52 localhost kernel: [    0.004035] pid_max: default: 32768 minimum: 301
Aug 14 10:57:52 localhost kernel: [    0.004152] ACPI: Core revision 20160930
Aug 14 10:57:52 localhost kernel: [    0.444643] ACPI: 2 ACPI AML tables successfully acquired and loaded
Aug 14 10:57:52 localhost kernel: [    0.445034] Security Framework initialized
Aug 14 10:57:52 localhost kernel: [    0.445038] Yama: becoming mindful.
Aug 14 10:57:52 localhost kernel: [    0.445254] AppArmor: AppArmor initialized
Aug 14 10:57:52 localhost kernel: [    0.446313] Mount-cache hash table entries: 8192 (order: 4, 65536 bytes)
Aug 14 10:57:52 localhost kernel: [    0.446326] Mountpoint-cache hash table entries: 8192 (order: 4, 65536 bytes)
Aug 14 10:57:52 localhost kernel: [    0.451462] CPU: Physical Processor ID: 0
Aug 14 10:57:52 localhost kernel: [    0.451465] CPU: Processor Core ID: 0
Aug 14 10:57:52 localhost kernel: [    0.451468] mce: CPU supports 6 MCE banks
Aug 14 10:57:52 localhost kernel: [    0.451536] CPU0: Thermal monitoring enabled (TM2)
Aug 14 10:57:52 localhost kernel: [    0.451542] process: using mwait in idle threads
Aug 14 10:57:52 localhost kernel: [    0.451553] Last level iTLB entries: 4KB 128, 2MB 4, 4MB 4
Aug 14 10:57:52 localhost kernel: [    0.451557] Last level dTLB entries: 4KB 256, 2MB 0, 4MB 32, 1GB 0
Aug 14 10:57:52 localhost kernel: [    0.452237] Freeing SMP alternatives memory: 32K
Aug 14 10:57:52 localhost kernel: [    0.460019] ftrace: allocating 32870 entries in 129 pages
Aug 14 10:57:52 localhost kernel: [    0.496836] smpboot: Max logical packages: 1
Aug 14 10:57:52 localhost kernel: [    0.501356] ..TIMER: vector=0x30 apic1=0 pin1=2 apic2=-1 pin2=-1
Aug 14 10:57:52 localhost kernel: [    0.544000] smpboot: CPU0: Intel(R) Core(TM)2 Duo CPU     T6400  @ 2.00GHz (family: 0x6, model: 0x17, stepping: 0xa)
Aug 14 10:57:52 localhost kernel: [    0.544000] Performance Events: PEBS fmt0+, Core2 events, Intel PMU driver.
Aug 14 10:57:52 localhost kernel: [    0.544000] ... version:                2
Aug 14 10:57:52 localhost kernel: [    0.544000] ... bit width:              40
Aug 14 10:57:52 localhost kernel: [    0.544000] ... generic registers:      2
Aug 14 10:57:52 localhost kernel: [    0.544000] ... value mask:             000000ffffffffff
Aug 14 10:57:52 localhost kernel: [    0.544000] ... max period:             000000007fffffff
Aug 14 10:57:52 localhost kernel: [    0.544000] ... fixed-purpose events:   3
Aug 14 10:57:52 localhost kernel: [    0.544000] ... event mask:             0000000700000003
Aug 14 10:57:52 localhost kernel: [    0.551763] NMI watchdog: enabled on all CPUs, permanently consumes one hw-PMU counter.
Aug 14 10:57:52 localhost kernel: [    0.551847] smp: Bringing up secondary CPUs ...
Aug 14 10:57:52 localhost kernel: [    0.554056] x86: Booting SMP configuration:
Aug 14 10:57:52 localhost kernel: [    0.554060] .... node  #0, CPUs:      #1
Aug 14 10:57:52 localhost kernel: [    0.638061] smp: Brought up 1 node, 2 CPUs
Aug 14 10:57:52 localhost kernel: [    0.638061] smpboot: Total of 2 processors activated (7980.04 BogoMIPS)
Aug 14 10:57:52 localhost kernel: [    0.641679] devtmpfs: initialized
Aug 14 10:57:52 localhost kernel: [    0.660972] evm: security.selinux
Aug 14 10:57:52 localhost kernel: [    0.660976] evm: security.SMACK64
Aug 14 10:57:52 localhost kernel: [    0.660979] evm: security.SMACK64EXEC
Aug 14 10:57:52 localhost kernel: [    0.660981] evm: security.SMACK64TRANSMUTE
Aug 14 10:57:52 localhost kernel: [    0.660983] evm: security.SMACK64MMAP
Aug 14 10:57:52 localhost kernel: [    0.660986] evm: security.ima
Aug 14 10:57:52 localhost kernel: [    0.660988] evm: security.capability
Aug 14 10:57:52 localhost kernel: [    0.661210] PM: Registering ACPI NVS region [mem 0xbd8bf400-0xbdac13ff] (2105344 bytes)
Aug 14 10:57:52 localhost kernel: [    0.672680] clocksource: jiffies: mask: 0xffffffff max_cycles: 0xffffffff, max_idle_ns: 7645041785100000 ns
Aug 14 10:57:52 localhost kernel: [    0.672691] futex hash table entries: 512 (order: 3, 32768 bytes)
Aug 14 10:57:52 localhost kernel: [    0.673038] pinctrl core: initialized pinctrl subsystem
Aug 14 10:57:52 localhost kernel: [    0.677072] RTC time:  5:26:36, date: 08/14/17
Aug 14 10:57:52 localhost kernel: [    0.679440] NET: Registered protocol family 16
Aug 14 10:57:52 localhost kernel: [    0.700019] cpuidle: using governor ladder
Aug 14 10:57:52 localhost kernel: [    0.712017] cpuidle: using governor menu
Aug 14 10:57:52 localhost kernel: [    0.712023] PCCT header not found.
Aug 14 10:57:52 localhost kernel: [    0.712446] ACPI: bus type PCI registered
Aug 14 10:57:52 localhost kernel: [    0.712450] acpiphp: ACPI Hot Plug PCI Controller Driver version: 0.5
Aug 14 10:57:52 localhost kernel: [    0.714844] PCI: MMCONFIG for domain 0000 [bus 00-3f] at [mem 0xf8000000-0xfbffffff] (base 0xf8000000)
Aug 14 10:57:52 localhost kernel: [    0.714959] PCI: MMCONFIG at [mem 0xf8000000-0xfbffffff] reserved in E820
Aug 14 10:57:52 localhost kernel: [    0.714959] pmd_set_huge: Cannot satisfy [mem 0xf8000000-0xf8200000] with a huge-page mapping due to MTRR override.
Aug 14 10:57:52 localhost kernel: [    0.714959] PCI: Using configuration type 1 for base access
Aug 14 10:57:52 localhost kernel: [    0.714959] dmi type 0xB1 record - unknown flag
Aug 14 10:57:52 localhost kernel: [    0.804272] HugeTLB registered 2 MB page size, pre-allocated 0 pages
Aug 14 10:57:52 localhost kernel: [    0.810642] ACPI: Added _OSI(Module Device)
Aug 14 10:57:52 localhost kernel: [    0.810647] ACPI: Added _OSI(Processor Device)
Aug 14 10:57:52 localhost kernel: [    0.810651] ACPI: Added _OSI(3.0 _SCP Extensions)
Aug 14 10:57:52 localhost kernel: [    0.810655] ACPI: Added _OSI(Processor Aggregator Device)
Aug 14 10:57:52 localhost kernel: [    0.955761] ACPI: [Firmware Bug]: BIOS _OSI(Linux) query ignored
Aug 14 10:57:52 localhost kernel: [    1.150796] ACPI: Dynamic OEM Table Load:
Aug 14 10:57:52 localhost kernel: [    1.150832] ACPI: SSDT 0xFFFF88009E2D3848 0005C6 (v01 PmRef  BspCst   00003001 INTL 20050624)
Aug 14 10:57:52 localhost kernel: [    1.200943] ACPI: Dynamic OEM Table Load:
Aug 14 10:57:52 localhost kernel: [    1.200962] ACPI: SSDT 0xFFFF88009D8BDBA8 00008D (v01 PmRef  ApCst    00003000 INTL 20050624)
Aug 14 10:57:52 localhost kernel: [    1.227480] ACPI: Interpreter enabled
Aug 14 10:57:52 localhost kernel: [    1.227858] ACPI: (supports S0 S3 S4 S5)
Aug 14 10:57:52 localhost kernel: [    1.227862] ACPI: Using IOAPIC for interrupt routing
Aug 14 10:57:52 localhost kernel: [    1.228773] PCI: Using host bridge windows from ACPI; if necessary, use "pci=nocrs" and report a bug
Aug 14 10:57:52 localhost kernel: [    3.171719] ACPI: PCI Root Bridge [PCI0] (domain 0000 [bus 00-ff])
Aug 14 10:57:52 localhost kernel: [    3.171799] acpi PNP0A03:00: _OSC: OS supports [ExtendedConfig ASPM ClockPM Segments MSI]
Aug 14 10:57:52 localhost kernel: [    3.172074] acpi PNP0A03:00: _OSC failed (AE_NOT_FOUND); disabling ASPM
Aug 14 10:57:52 localhost kernel: [    3.172121] acpi PNP0A03:00: [Firmware Info]: MMCONFIG for domain 0000 [bus 00-3f] only partially covers this bridge
Aug 14 10:57:52 localhost kernel: [    3.829467] PCI host bridge to bus 0000:00
Aug 14 10:57:52 localhost kernel: [    3.829502] pci_bus 0000:00: root bus resource [io  0x0000-0x0cf7 window]
Aug 14 10:57:52 localhost kernel: [    3.829536] pci_bus 0000:00: root bus resource [io  0x0d00-0xffff window]
Aug 14 10:57:52 localhost kernel: [    3.829569] pci_bus 0000:00: root bus resource [mem 0x000a0000-0x000bffff window]
Aug 14 10:57:52 localhost kernel: [    3.829603] pci_bus 0000:00: root bus resource [mem 0x000d0000-0x000dffff window]
Aug 14 10:57:52 localhost kernel: [    3.829636] pci_bus 0000:00: root bus resource [mem 0xc0000000-0xf7ffffff window]
Aug 14 10:57:52 localhost kernel: [    3.829669] pci_bus 0000:00: root bus resource [mem 0xfc000000-0xfebfffff window]
Aug 14 10:57:52 localhost kernel: [    3.829702] pci_bus 0000:00: root bus resource [mem 0xfec10000-0xfecfffff window]
Aug 14 10:57:52 localhost kernel: [    3.829735] pci_bus 0000:00: root bus resource [mem 0xfed1c000-0xfed1ffff window]
Aug 14 10:57:52 localhost kernel: [    3.829768] pci_bus 0000:00: root bus resource [mem 0xfed90000-0xfed9ffff window]
Aug 14 10:57:52 localhost kernel: [    3.829801] pci_bus 0000:00: root bus resource [mem 0xfeda7000-0xfedfffff window]
Aug 14 10:57:52 localhost kernel: [    3.829833] pci_bus 0000:00: root bus resource [mem 0xfee10000-0xff9fffff window]
Aug 14 10:57:52 localhost kernel: [    3.829866] pci_bus 0000:00: root bus resource [mem 0xffc00000-0xffdfffff window]
Aug 14 10:57:52 localhost kernel: [    3.829894] pci_bus 0000:00: root bus resource [bus 00-ff]
Aug 14 10:57:52 localhost kernel: [    3.829969] pci 0000:00:00.0: [8086:2a40] type 00 class 0x060000
Aug 14 10:57:52 localhost kernel: [    3.830161] DMAR: Forcing write-buffer flush capability
Aug 14 10:57:52 localhost kernel: [    3.830164] DMAR: Disabling IOMMU for graphics on this chipset
Aug 14 10:57:52 localhost kernel: [    3.836401] pci 0000:00:02.0: [8086:2a42] type 00 class 0x030000
Aug 14 10:57:52 localhost kernel: [    3.836433] pci 0000:00:02.0: reg 0x10: [mem 0xf6c00000-0xf6ffffff 64bit]
Aug 14 10:57:52 localhost kernel: [    3.836454] pci 0000:00:02.0: reg 0x18: [mem 0xe0000000-0xefffffff 64bit pref]
Aug 14 10:57:52 localhost kernel: [    3.836469] pci 0000:00:02.0: reg 0x20: [io  0xefe8-0xefef]
Aug 14 10:57:52 localhost kernel: [    3.843632] pci 0000:00:02.1: [8086:2a43] type 00 class 0x038000
Aug 14 10:57:52 localhost kernel: [    3.843661] pci 0000:00:02.1: reg 0x10: [mem 0xf6b00000-0xf6bfffff 64bit]
Aug 14 10:57:52 localhost kernel: [    3.850644] pci 0000:00:1a.0: [8086:2937] type 00 class 0x0c0300
Aug 14 10:57:52 localhost kernel: [    3.850731] pci 0000:00:1a.0: reg 0x20: [io  0x6f60-0x6f7f]
Aug 14 10:57:52 localhost kernel: [    3.923025] pci 0000:00:1a.0: System wakeup disabled by ACPI
Aug 14 10:57:52 localhost kernel: [    3.925753] pci 0000:00:1a.1: [8086:2938] type 00 class 0x0c0300
Aug 14 10:57:52 localhost kernel: [    3.925841] pci 0000:00:1a.1: reg 0x20: [io  0x6f80-0x6f9f]
Aug 14 10:57:52 localhost kernel: [    3.998158] pci 0000:00:1a.1: System wakeup disabled by ACPI
Aug 14 10:57:52 localhost kernel: [    4.000910] pci 0000:00:1a.2: [8086:2939] type 00 class 0x0c0300
Aug 14 10:57:52 localhost kernel: [    4.000999] pci 0000:00:1a.2: reg 0x20: [io  0x6fa0-0x6fbf]
Aug 14 10:57:52 localhost kernel: [    4.073904] pci 0000:00:1a.2: System wakeup disabled by ACPI
Aug 14 10:57:52 localhost kernel: [    4.076686] pci 0000:00:1a.7: [8086:293c] type 00 class 0x0c0320
Aug 14 10:57:52 localhost kernel: [    4.076730] pci 0000:00:1a.7: reg 0x10: [mem 0xfed1c400-0xfed1c7ff]
Aug 14 10:57:52 localhost kernel: [    4.077071] pci 0000:00:1a.7: PME# supported from D0 D3hot D3cold
Aug 14 10:57:52 localhost kernel: [    4.149690] pci 0000:00:1a.7: System wakeup disabled by ACPI
Aug 14 10:57:52 localhost kernel: [    4.152463] pci 0000:00:1b.0: [8086:293e] type 00 class 0x040300
Aug 14 10:57:52 localhost kernel: [    4.152511] pci 0000:00:1b.0: reg 0x10: [mem 0xf6afc000-0xf6afffff 64bit]
Aug 14 10:57:52 localhost kernel: [    4.152894] pci 0000:00:1b.0: PME# supported from D0 D3hot D3cold
Aug 14 10:57:52 localhost kernel: [    4.158234] pci 0000:00:1b.0: System wakeup disabled by ACPI
Aug 14 10:57:52 localhost kernel: [    4.160960] pci 0000:00:1c.0: [8086:2940] type 01 class 0x060400
Aug 14 10:57:52 localhost kernel: [    4.161354] pci 0000:00:1c.0: PME# supported from D0 D3hot D3cold
Aug 14 10:57:52 localhost kernel: [    4.166666] pci 0000:00:1c.0: System wakeup disabled by ACPI
Aug 14 10:57:52 localhost kernel: [    4.169422] pci 0000:00:1c.1: [8086:2942] type 01 class 0x060400
Aug 14 10:57:52 localhost kernel: [    4.169807] pci 0000:00:1c.1: PME# supported from D0 D3hot D3cold
Aug 14 10:57:52 localhost kernel: [    4.175073] pci 0000:00:1c.1: System wakeup disabled by ACPI
Aug 14 10:57:52 localhost kernel: [    4.177815] pci 0000:00:1c.2: [8086:2944] type 01 class 0x060400
Aug 14 10:57:52 localhost kernel: [    4.178225] pci 0000:00:1c.2: PME# supported from D0 D3hot D3cold
Aug 14 10:57:52 localhost kernel: [    4.183516] pci 0000:00:1c.2: System wakeup disabled by ACPI
Aug 14 10:57:52 localhost kernel: [    4.186267] pci 0000:00:1c.4: [8086:2948] type 01 class 0x060400
Aug 14 10:57:52 localhost kernel: [    4.186660] pci 0000:00:1c.4: PME# supported from D0 D3hot D3cold
Aug 14 10:57:52 localhost kernel: [    4.191936] pci 0000:00:1c.4: System wakeup disabled by ACPI
Aug 14 10:57:52 localhost kernel: [    4.194662] pci 0000:00:1d.0: [8086:2934] type 00 class 0x0c0300
Aug 14 10:57:52 localhost kernel: [    4.194749] pci 0000:00:1d.0: reg 0x20: [io  0x6f00-0x6f1f]
Aug 14 10:57:52 localhost kernel: [    4.268584] pci 0000:00:1d.0: System wakeup disabled by ACPI
Aug 14 10:57:52 localhost kernel: [    4.271360] pci 0000:00:1d.1: [8086:2935] type 00 class 0x0c0300
Aug 14 10:57:52 localhost kernel: [    4.271449] pci 0000:00:1d.1: reg 0x20: [io  0x6f20-0x6f3f]
Aug 14 10:57:52 localhost kernel: [    4.344779] pci 0000:00:1d.1: System wakeup disabled by ACPI
Aug 14 10:57:52 localhost kernel: [    4.347521] pci 0000:00:1d.2: [8086:2936] type 00 class 0x0c0300
Aug 14 10:57:52 localhost kernel: [    4.347610] pci 0000:00:1d.2: reg 0x20: [io  0x6f40-0x6f5f]
Aug 14 10:57:52 localhost kernel: [    4.420418] pci 0000:00:1d.2: System wakeup disabled by ACPI
Aug 14 10:57:52 localhost kernel: [    4.423188] pci 0000:00:1d.7: [8086:293a] type 00 class 0x0c0320
Aug 14 10:57:52 localhost kernel: [    4.423232] pci 0000:00:1d.7: reg 0x10: [mem 0xfed1c000-0xfed1c3ff]
Aug 14 10:57:52 localhost kernel: [    4.423582] pci 0000:00:1d.7: PME# supported from D0 D3hot D3cold
Aug 14 10:57:52 localhost kernel: [    4.496259] pci 0000:00:1d.7: System wakeup disabled by ACPI
Aug 14 10:57:52 localhost kernel: [    4.498987] pci 0000:00:1e.0: [8086:2448] type 01 class 0x060401
Aug 14 10:57:52 localhost kernel: [    4.504562] pci 0000:00:1e.0: System wakeup disabled by ACPI
Aug 14 10:57:52 localhost kernel: [    4.507338] pci 0000:00:1f.0: [8086:2919] type 00 class 0x060100
Aug 14 10:57:52 localhost kernel: [    4.514768] pci 0000:00:1f.2: [8086:2929] type 00 class 0x010601
Aug 14 10:57:52 localhost kernel: [    4.514811] pci 0000:00:1f.2: reg 0x10: [io  0x6e70-0x6e77]
Aug 14 10:57:52 localhost kernel: [    4.514832] pci 0000:00:1f.2: reg 0x14: [io  0x6e78-0x6e7b]
Aug 14 10:57:52 localhost kernel: [    4.514853] pci 0000:00:1f.2: reg 0x18: [io  0x6e80-0x6e87]
Aug 14 10:57:52 localhost kernel: [    4.514874] pci 0000:00:1f.2: reg 0x1c: [io  0x6e88-0x6e8b]
Aug 14 10:57:52 localhost kernel: [    4.514895] pci 0000:00:1f.2: reg 0x20: [io  0x6ea0-0x6ebf]
Aug 14 10:57:52 localhost kernel: [    4.514918] pci 0000:00:1f.2: reg 0x24: [mem 0xfed1c800-0xfed1cfff]
Aug 14 10:57:52 localhost kernel: [    4.515196] pci 0000:00:1f.2: PME# supported from D3hot
Aug 14 10:57:52 localhost kernel: [    4.522735] pci 0000:00:1f.3: [8086:2930] type 00 class 0x0c0500
Aug 14 10:57:52 localhost kernel: [    4.522776] pci 0000:00:1f.3: reg 0x10: [mem 0xf6afbf00-0xf6afbfff 64bit]
Aug 14 10:57:52 localhost kernel: [    4.522823] pci 0000:00:1f.3: reg 0x20: [io  0x1100-0x111f]
Aug 14 10:57:52 localhost kernel: [    4.531314] pci 0000:00:1c.0: PCI bridge to [bus 0b]
Aug 14 10:57:52 localhost kernel: [    4.533919] pci 0000:0c:00.0: [14e4:4315] type 00 class 0x028000
Aug 14 10:57:52 localhost kernel: [    4.534018] pci 0000:0c:00.0: reg 0x10: [mem 0xf69fc000-0xf69fffff 64bit]
Aug 14 10:57:52 localhost kernel: [    4.535097] pci 0000:0c:00.0: supports D1 D2
Aug 14 10:57:52 localhost kernel: [    4.535105] pci 0000:0c:00.0: PME# supported from D0 D3hot D3cold
Aug 14 10:57:52 localhost kernel: [    4.538885] pci 0000:00:1c.1: PCI bridge to [bus 0c]
Aug 14 10:57:52 localhost kernel: [    4.538902] pci 0000:00:1c.1:   bridge window [mem 0xf6900000-0xf69fffff]
Aug 14 10:57:52 localhost kernel: [    4.541283] pci 0000:09:00.0: [11ab:4354] type 00 class 0x020000
Aug 14 10:57:52 localhost kernel: [    4.541340] pci 0000:09:00.0: reg 0x10: [mem 0xf68fc000-0xf68fffff 64bit]
Aug 14 10:57:52 localhost kernel: [    4.541368] pci 0000:09:00.0: reg 0x18: [io  0xde00-0xdeff]
Aug 14 10:57:52 localhost kernel: [    4.541952] pci 0000:09:00.0: supports D1 D2
Aug 14 10:57:52 localhost kernel: [    4.541960] pci 0000:09:00.0: PME# supported from D0 D1 D2 D3hot D3cold
Aug 14 10:57:52 localhost kernel: [    4.556053] pci 0000:00:1c.2: PCI bridge to [bus 09]
Aug 14 10:57:52 localhost kernel: [    4.556066] pci 0000:00:1c.2:   bridge window [io  0xd000-0xdfff]
Aug 14 10:57:52 localhost kernel: [    4.556078] pci 0000:00:1c.2:   bridge window [mem 0xf6800000-0xf68fffff]
Aug 14 10:57:52 localhost kernel: [    4.559679] acpiphp: Slot [1] registered
Aug 14 10:57:52 localhost kernel: [    4.559697] pci 0000:00:1c.4: PCI bridge to [bus 0d-0e]
Aug 14 10:57:52 localhost kernel: [    4.559710] pci 0000:00:1c.4:   bridge window [io  0xc000-0xcfff]
Aug 14 10:57:52 localhost kernel: [    4.559722] pci 0000:00:1c.4:   bridge window [mem 0xf6600000-0xf67fffff]
Aug 14 10:57:52 localhost kernel: [    4.559738] pci 0000:00:1c.4:   bridge window [mem 0xf0000000-0xf01fffff 64bit pref]
Aug 14 10:57:52 localhost kernel: [    4.562639] pci 0000:00:1e.0: PCI bridge to [bus 03] (subtractive decode)
Aug 14 10:57:52 localhost kernel: [    4.562686] pci 0000:00:1e.0:   bridge window [io  0x0000-0x0cf7 window] (subtractive decode)
Aug 14 10:57:52 localhost kernel: [    4.562735] pci 0000:00:1e.0:   bridge window [io  0x0d00-0xffff window] (subtractive decode)
Aug 14 10:57:52 localhost kernel: [    4.562772] pci 0000:00:1e.0:   bridge window [mem 0x000a0000-0x000bffff window] (subtractive decode)
Aug 14 10:57:52 localhost kernel: [    4.562808] pci 0000:00:1e.0:   bridge window [mem 0x000d0000-0x000dffff window] (subtractive decode)
Aug 14 10:57:52 localhost kernel: [    4.562845] pci 0000:00:1e.0:   bridge window [mem 0xc0000000-0xf7ffffff window] (subtractive decode)
Aug 14 10:57:52 localhost kernel: [    4.562881] pci 0000:00:1e.0:   bridge window [mem 0xfc000000-0xfebfffff window] (subtractive decode)
Aug 14 10:57:52 localhost kernel: [    4.562918] pci 0000:00:1e.0:   bridge window [mem 0xfec10000-0xfecfffff window] (subtractive decode)
Aug 14 10:57:52 localhost kernel: [    4.562955] pci 0000:00:1e.0:   bridge window [mem 0xfed1c000-0xfed1ffff window] (subtractive decode)
Aug 14 10:57:52 localhost kernel: [    4.562991] pci 0000:00:1e.0:   bridge window [mem 0xfed90000-0xfed9ffff window] (subtractive decode)
Aug 14 10:57:52 localhost kernel: [    4.563027] pci 0000:00:1e.0:   bridge window [mem 0xfeda7000-0xfedfffff window] (subtractive decode)
Aug 14 10:57:52 localhost kernel: [    4.563063] pci 0000:00:1e.0:   bridge window [mem 0xfee10000-0xff9fffff window] (subtractive decode)
Aug 14 10:57:52 localhost kernel: [    4.563099] pci 0000:00:1e.0:   bridge window [mem 0xffc00000-0xffdfffff window] (subtractive decode)
Aug 14 10:57:52 localhost kernel: [    4.563159] pci_bus 0000:00: on NUMA node 0
Aug 14 10:57:52 localhost kernel: [    4.592418] ACPI: PCI Interrupt Link [LNKA] (IRQs *10 11)
Aug 14 10:57:52 localhost kernel: [    4.599605] ACPI: PCI Interrupt Link [LNKB] (IRQs 5 7) *4
Aug 14 10:57:52 localhost kernel: [    4.606904] ACPI: PCI Interrupt Link [LNKC] (IRQs *10 11)
Aug 14 10:57:52 localhost kernel: [    4.612933] ACPI: PCI Interrupt Link [LNKD] (IRQs 5 7 10 11) *0, disabled.
Aug 14 10:57:52 localhost kernel: [    4.620274] ACPI: PCI Interrupt Link [LNKE] (IRQs 3 4 5 6 7 10 *11 12 14 15)
Aug 14 10:57:52 localhost kernel: [    4.627591] ACPI: PCI Interrupt Link [LNKF] (IRQs 3 4 5 6 *7 10 11 12 14 15)
Aug 14 10:57:52 localhost kernel: [    4.634899] ACPI: PCI Interrupt Link [LNKG] (IRQs 3 4 *5 6 7 10 11 12 14 15)
Aug 14 10:57:52 localhost kernel: [    4.640943] ACPI: PCI Interrupt Link [LNKH] (IRQs 3 4 5 6 7 10 11 12 14 15) *0, disabled.
Aug 14 10:57:52 localhost kernel: [    4.654029] ACPI: Enabled 4 GPEs in block 00 to 3F
Aug 14 10:57:52 localhost kernel: [    4.657471] pci 0000:00:02.0: vgaarb: setting as boot VGA device
Aug 14 10:57:52 localhost kernel: [    4.657471] pci 0000:00:02.0: vgaarb: VGA device added: decodes=io+mem,owns=io+mem,locks=none
Aug 14 10:57:52 localhost kernel: [    4.657471] pci 0000:00:02.0: vgaarb: bridge control possible
Aug 14 10:57:52 localhost kernel: [    4.657471] vgaarb: loaded
Aug 14 10:57:52 localhost kernel: [    4.668936] SCSI subsystem initialized
Aug 14 10:57:52 localhost kernel: [    4.669040] libata version 3.00 loaded.
Aug 14 10:57:52 localhost kernel: [    4.669449] ACPI: bus type USB registered
Aug 14 10:57:52 localhost kernel: [    4.670299] usbcore: registered new interface driver usbfs
Aug 14 10:57:52 localhost kernel: [    4.672062] usbcore: registered new interface driver hub
Aug 14 10:57:52 localhost kernel: [    4.672335] usbcore: registered new device driver usb
Aug 14 10:57:52 localhost kernel: [    4.673832] PCI: Using ACPI for IRQ routing
Aug 14 10:57:52 localhost kernel: [    4.677048] PCI: pci_cache_line_size set to 64 bytes
Aug 14 10:57:52 localhost kernel: [    4.677582] e820: reserve RAM buffer [mem 0x0009f000-0x0009ffff]
Aug 14 10:57:52 localhost kernel: [    4.677610] e820: reserve RAM buffer [mem 0xbd8bf400-0xbfffffff]
Aug 14 10:57:52 localhost kernel: [    4.682967] NetLabel: Initializing
Aug 14 10:57:52 localhost kernel: [    4.682971] NetLabel:  domain hash size = 128
Aug 14 10:57:52 localhost kernel: [    4.682973] NetLabel:  protocols = UNLABELED CIPSOv4 CALIPSO
Aug 14 10:57:52 localhost kernel: [    4.683518] NetLabel:  unlabeled traffic allowed by default
Aug 14 10:57:52 localhost kernel: [    4.684729] HPET: 4 timers in total, 0 timers will be used for per-cpu timer
Aug 14 10:57:52 localhost kernel: [    4.684755] hpet0: at MMIO 0xfed00000, IRQs 2, 8, 0, 0
Aug 14 10:57:52 localhost kernel: [    4.684769] hpet0: 4 comparators, 64-bit 14.318180 MHz counter
Aug 14 10:57:52 localhost kernel: [    4.688199] clocksource: Switched to clocksource hpet
Aug 14 10:57:52 localhost kernel: [    4.986888] VFS: Disk quotas dquot_6.6.0
Aug 14 10:57:52 localhost kernel: [    4.987031] VFS: Dquot-cache hash table entries: 512 (order 0, 4096 bytes)
Aug 14 10:57:52 localhost kernel: [    4.989069] AppArmor: AppArmor Filesystem Enabled
Aug 14 10:57:52 localhost kernel: [    4.990695] pnp: PnP ACPI init
Aug 14 10:57:52 localhost kernel: [    4.993344] system 00:00: [mem 0xff800000-0xff8fffff] has been reserved
Aug 14 10:57:52 localhost kernel: [    4.993415] system 00:00: [mem 0xffc00000-0xffcfffff] has been reserved
Aug 14 10:57:52 localhost kernel: [    4.993431] system 00:00: Plug and Play ACPI device, IDs PNP0c02 (active)
Aug 14 10:57:52 localhost kernel: [    4.995417] pnp 00:01: Plug and Play ACPI device, IDs PNP0f13 (active)
Aug 14 10:57:52 localhost kernel: [    4.997628] pnp 00:02: Plug and Play ACPI device, IDs PNP0303 (active)
Aug 14 10:57:52 localhost kernel: [    4.999765] pnp 00:03: Plug and Play ACPI device, IDs PNP0b00 (active)
Aug 14 10:57:52 localhost kernel: [    5.002225] system 00:04: Plug and Play ACPI device, IDs PNP0c01 (active)
Aug 14 10:57:52 localhost kernel: [    5.006548] system 00:05: [mem 0xfed00000-0xfed003ff] has been reserved
Aug 14 10:57:52 localhost kernel: [    5.006562] system 00:05: Plug and Play ACPI device, IDs PNP0103 PNP0c01 (active)
Aug 14 10:57:52 localhost kernel: [    5.015647] system 00:06: [io  0x0900-0x097f] has been reserved
Aug 14 10:57:52 localhost kernel: [    5.015718] system 00:06: [io  0x04d0-0x04d1] has been reserved
Aug 14 10:57:52 localhost kernel: [    5.015788] system 00:06: [io  0x1000-0x1005] has been reserved
Aug 14 10:57:52 localhost kernel: [    5.015857] system 00:06: [io  0x1008-0x100f] has been reserved
Aug 14 10:57:52 localhost kernel: [    5.015871] system 00:06: Plug and Play ACPI device, IDs PNP0c01 (active)
Aug 14 10:57:52 localhost kernel: [    5.018470] system 00:07: [io  0xf400-0xf4fe] has been reserved
Aug 14 10:57:52 localhost kernel: [    5.018538] system 00:07: [io  0x1006-0x1007] has been reserved
Aug 14 10:57:52 localhost kernel: [    5.018623] system 00:07: [io  0x100a-0x1059] could not be reserved
Aug 14 10:57:52 localhost kernel: [    5.018706] system 00:07: [io  0x1060-0x107f] has been reserved
Aug 14 10:57:52 localhost kernel: [    5.018775] system 00:07: [io  0x1080-0x10bf] has been reserved
Aug 14 10:57:52 localhost kernel: [    5.018844] system 00:07: [io  0x1100-0x111f] has been reserved
Aug 14 10:57:52 localhost kernel: [    5.018914] system 00:07: [io  0x1010-0x102f] has been reserved
Aug 14 10:57:52 localhost kernel: [    5.018983] system 00:07: [io  0x0809] has been reserved
Aug 14 10:57:52 localhost kernel: [    5.018996] system 00:07: Plug and Play ACPI device, IDs PNP0c01 (active)
Aug 14 10:57:52 localhost kernel: [    5.685708] system 00:08: [mem 0x00000000-0x0009efff] could not be reserved
Aug 14 10:57:52 localhost kernel: [    5.685802] system 00:08: [mem 0x0009f000-0x0009ffff] could not be reserved
Aug 14 10:57:52 localhost kernel: [    5.685894] system 00:08: [mem 0x000c0000-0x000cffff] could not be reserved
Aug 14 10:57:52 localhost kernel: [    5.685986] system 00:08: [mem 0x000e0000-0x000fffff] could not be reserved
Aug 14 10:57:52 localhost kernel: [    5.686078] system 00:08: [mem 0x00100000-0xbd8bf3ff] could not be reserved
Aug 14 10:57:52 localhost kernel: [    5.686169] system 00:08: [mem 0xbd8bf400-0xbdafffff] could not be reserved
Aug 14 10:57:52 localhost kernel: [    5.686255] system 00:08: [mem 0xbdb00000-0xbdbfffff] has been reserved
Aug 14 10:57:52 localhost kernel: [    5.686327] system 00:08: [mem 0xffe00000-0xffffffff] has been reserved
Aug 14 10:57:52 localhost kernel: [    5.686398] system 00:08: [mem 0xffa00000-0xffbfffff] has been reserved
Aug 14 10:57:52 localhost kernel: [    5.686490] system 00:08: [mem 0xfec00000-0xfec0ffff] could not be reserved
Aug 14 10:57:52 localhost kernel: [    5.686561] system 00:08: [mem 0xfee00000-0xfee0ffff] has been reserved
Aug 14 10:57:52 localhost kernel: [    5.686632] system 00:08: [mem 0xfed20000-0xfed8ffff] has been reserved
Aug 14 10:57:52 localhost kernel: [    5.686702] system 00:08: [mem 0xfeda0000-0xfeda3fff] has been reserved
Aug 14 10:57:52 localhost kernel: [    5.686771] system 00:08: [mem 0xfeda4000-0xfeda4fff] has been reserved
Aug 14 10:57:52 localhost kernel: [    5.686841] system 00:08: [mem 0xfeda5000-0xfeda5fff] has been reserved
Aug 14 10:57:52 localhost kernel: [    5.686911] system 00:08: [mem 0xfeda6000-0xfeda6fff] has been reserved
Aug 14 10:57:52 localhost kernel: [    5.686981] system 00:08: [mem 0xfed1c800-0xfed1cfff] has been reserved
Aug 14 10:57:52 localhost kernel: [    5.687064] system 00:08: [mem 0xfed18000-0xfed1bfff] has been reserved
Aug 14 10:57:52 localhost kernel: [    5.687134] system 00:08: [mem 0xf8000000-0xfbffffff] has been reserved
Aug 14 10:57:52 localhost kernel: [    5.687151] system 00:08: Plug and Play ACPI device, IDs PNP0c01 (active)
Aug 14 10:57:52 localhost kernel: [    5.689035] pnp: PnP ACPI: found 9 devices
Aug 14 10:57:52 localhost kernel: [    5.783497] clocksource: acpi_pm: mask: 0xffffff max_cycles: 0xffffff, max_idle_ns: 2085701024 ns
Aug 14 10:57:52 localhost kernel: [    5.783577] pci 0000:00:1c.0: bridge window [io  0x1000-0x0fff] to [bus 0b] add_size 1000
Aug 14 10:57:52 localhost kernel: [    5.783608] pci 0000:00:1c.0: bridge window [mem 0x00100000-0x000fffff 64bit pref] to [bus 0b] add_size 200000 add_align 100000
Aug 14 10:57:52 localhost kernel: [    5.783635] pci 0000:00:1c.0: bridge window [mem 0x00100000-0x000fffff] to [bus 0b] add_size 200000 add_align 100000
Aug 14 10:57:52 localhost kernel: [    5.783678] pci 0000:00:1c.1: bridge window [io  0x1000-0x0fff] to [bus 0c] add_size 1000
Aug 14 10:57:52 localhost kernel: [    5.783711] pci 0000:00:1c.1: bridge window [mem 0x00100000-0x000fffff 64bit pref] to [bus 0c] add_size 200000 add_align 100000
Aug 14 10:57:52 localhost kernel: [    5.783757] pci 0000:00:1c.2: bridge window [mem 0x00100000-0x000fffff 64bit pref] to [bus 09] add_size 200000 add_align 100000
Aug 14 10:57:52 localhost kernel: [    5.784062] pci 0000:00:1c.0: res[14]=[mem 0x00100000-0x000fffff] res_to_dev_res add_size 200000 min_align 100000
Aug 14 10:57:52 localhost kernel: [    5.784072] pci 0000:00:1c.0: res[14]=[mem 0x00100000-0x002fffff] res_to_dev_res add_size 200000 min_align 100000
Aug 14 10:57:52 localhost kernel: [    5.784082] pci 0000:00:1c.0: res[15]=[mem 0x00100000-0x000fffff 64bit pref] res_to_dev_res add_size 200000 min_align 100000
Aug 14 10:57:52 localhost kernel: [    5.784092] pci 0000:00:1c.0: res[15]=[mem 0x00100000-0x002fffff 64bit pref] res_to_dev_res add_size 200000 min_align 100000
Aug 14 10:57:52 localhost kernel: [    5.784102] pci 0000:00:1c.1: res[15]=[mem 0x00100000-0x000fffff 64bit pref] res_to_dev_res add_size 200000 min_align 100000
Aug 14 10:57:52 localhost kernel: [    5.784112] pci 0000:00:1c.1: res[15]=[mem 0x00100000-0x002fffff 64bit pref] res_to_dev_res add_size 200000 min_align 100000
Aug 14 10:57:52 localhost kernel: [    5.784122] pci 0000:00:1c.2: res[15]=[mem 0x00100000-0x000fffff 64bit pref] res_to_dev_res add_size 200000 min_align 100000
Aug 14 10:57:52 localhost kernel: [    5.784132] pci 0000:00:1c.2: res[15]=[mem 0x00100000-0x002fffff 64bit pref] res_to_dev_res add_size 200000 min_align 100000
Aug 14 10:57:52 localhost kernel: [    5.784141] pci 0000:00:1c.0: res[13]=[io  0x1000-0x0fff] res_to_dev_res add_size 1000 min_align 1000
Aug 14 10:57:52 localhost kernel: [    5.784150] pci 0000:00:1c.0: res[13]=[io  0x1000-0x1fff] res_to_dev_res add_size 1000 min_align 1000
Aug 14 10:57:52 localhost kernel: [    5.784159] pci 0000:00:1c.1: res[13]=[io  0x1000-0x0fff] res_to_dev_res add_size 1000 min_align 1000
Aug 14 10:57:52 localhost kernel: [    5.784168] pci 0000:00:1c.1: res[13]=[io  0x1000-0x1fff] res_to_dev_res add_size 1000 min_align 1000
Aug 14 10:57:52 localhost kernel: [    5.784189] pci 0000:00:1c.0: BAR 14: assigned [mem 0xc0000000-0xc01fffff]
Aug 14 10:57:52 localhost kernel: [    5.784233] pci 0000:00:1c.0: BAR 15: assigned [mem 0xc0200000-0xc03fffff 64bit pref]
Aug 14 10:57:52 localhost kernel: [    5.784273] pci 0000:00:1c.1: BAR 15: assigned [mem 0xc0400000-0xc05fffff 64bit pref]
Aug 14 10:57:52 localhost kernel: [    5.784313] pci 0000:00:1c.2: BAR 15: assigned [mem 0xc0600000-0xc07fffff 64bit pref]
Aug 14 10:57:52 localhost kernel: [    5.784328] pci 0000:00:1c.0: BAR 13: assigned [io  0x2000-0x2fff]
Aug 14 10:57:52 localhost kernel: [    5.784341] pci 0000:00:1c.1: BAR 13: assigned [io  0x3000-0x3fff]
Aug 14 10:57:52 localhost kernel: [    5.784459] pci 0000:00:1c.0: PCI bridge to [bus 0b]
Aug 14 10:57:52 localhost kernel: [    5.784470] pci 0000:00:1c.0:   bridge window [io  0x2000-0x2fff]
Aug 14 10:57:52 localhost kernel: [    5.784484] pci 0000:00:1c.0:   bridge window [mem 0xc0000000-0xc01fffff]
Aug 14 10:57:52 localhost kernel: [    5.784496] pci 0000:00:1c.0:   bridge window [mem 0xc0200000-0xc03fffff 64bit pref]
Aug 14 10:57:52 localhost kernel: [    5.784512] pci 0000:00:1c.1: PCI bridge to [bus 0c]
Aug 14 10:57:52 localhost kernel: [    5.784521] pci 0000:00:1c.1:   bridge window [io  0x3000-0x3fff]
Aug 14 10:57:52 localhost kernel: [    5.784535] pci 0000:00:1c.1:   bridge window [mem 0xf6900000-0xf69fffff]
Aug 14 10:57:52 localhost kernel: [    5.784547] pci 0000:00:1c.1:   bridge window [mem 0xc0400000-0xc05fffff 64bit pref]
Aug 14 10:57:52 localhost kernel: [    5.784562] pci 0000:00:1c.2: PCI bridge to [bus 09]
Aug 14 10:57:52 localhost kernel: [    5.784571] pci 0000:00:1c.2:   bridge window [io  0xd000-0xdfff]
Aug 14 10:57:52 localhost kernel: [    5.784585] pci 0000:00:1c.2:   bridge window [mem 0xf6800000-0xf68fffff]
Aug 14 10:57:52 localhost kernel: [    5.784597] pci 0000:00:1c.2:   bridge window [mem 0xc0600000-0xc07fffff 64bit pref]
Aug 14 10:57:52 localhost kernel: [    5.784612] pci 0000:00:1c.4: PCI bridge to [bus 0d-0e]
Aug 14 10:57:52 localhost kernel: [    5.784621] pci 0000:00:1c.4:   bridge window [io  0xc000-0xcfff]
Aug 14 10:57:52 localhost kernel: [    5.784635] pci 0000:00:1c.4:   bridge window [mem 0xf6600000-0xf67fffff]
Aug 14 10:57:52 localhost kernel: [    5.784647] pci 0000:00:1c.4:   bridge window [mem 0xf0000000-0xf01fffff 64bit pref]
Aug 14 10:57:52 localhost kernel: [    5.784663] pci 0000:00:1e.0: PCI bridge to [bus 03]
Aug 14 10:57:52 localhost kernel: [    5.784692] pci_bus 0000:00: resource 4 [io  0x0000-0x0cf7 window]
Aug 14 10:57:52 localhost kernel: [    5.784700] pci_bus 0000:00: resource 5 [io  0x0d00-0xffff window]
Aug 14 10:57:52 localhost kernel: [    5.784708] pci_bus 0000:00: resource 6 [mem 0x000a0000-0x000bffff window]
Aug 14 10:57:52 localhost kernel: [    5.784716] pci_bus 0000:00: resource 7 [mem 0x000d0000-0x000dffff window]
Aug 14 10:57:52 localhost kernel: [    5.784724] pci_bus 0000:00: resource 8 [mem 0xc0000000-0xf7ffffff window]
Aug 14 10:57:52 localhost kernel: [    5.784732] pci_bus 0000:00: resource 9 [mem 0xfc000000-0xfebfffff window]
Aug 14 10:57:52 localhost kernel: [    5.784740] pci_bus 0000:00: resource 10 [mem 0xfec10000-0xfecfffff window]
Aug 14 10:57:52 localhost kernel: [    5.784748] pci_bus 0000:00: resource 11 [mem 0xfed1c000-0xfed1ffff window]
Aug 14 10:57:52 localhost kernel: [    5.784756] pci_bus 0000:00: resource 12 [mem 0xfed90000-0xfed9ffff window]
Aug 14 10:57:52 localhost kernel: [    5.784764] pci_bus 0000:00: resource 13 [mem 0xfeda7000-0xfedfffff window]
Aug 14 10:57:52 localhost kernel: [    5.784772] pci_bus 0000:00: resource 14 [mem 0xfee10000-0xff9fffff window]
Aug 14 10:57:52 localhost kernel: [    5.784780] pci_bus 0000:00: resource 15 [mem 0xffc00000-0xffdfffff window]
Aug 14 10:57:52 localhost kernel: [    5.784788] pci_bus 0000:0b: resource 0 [io  0x2000-0x2fff]
Aug 14 10:57:52 localhost kernel: [    5.784796] pci_bus 0000:0b: resource 1 [mem 0xc0000000-0xc01fffff]
Aug 14 10:57:52 localhost kernel: [    5.784804] pci_bus 0000:0b: resource 2 [mem 0xc0200000-0xc03fffff 64bit pref]
Aug 14 10:57:52 localhost kernel: [    5.784812] pci_bus 0000:0c: resource 0 [io  0x3000-0x3fff]
Aug 14 10:57:52 localhost kernel: [    5.784820] pci_bus 0000:0c: resource 1 [mem 0xf6900000-0xf69fffff]
Aug 14 10:57:52 localhost kernel: [    5.784828] pci_bus 0000:0c: resource 2 [mem 0xc0400000-0xc05fffff 64bit pref]
Aug 14 10:57:52 localhost kernel: [    5.784835] pci_bus 0000:09: resource 0 [io  0xd000-0xdfff]
Aug 14 10:57:52 localhost kernel: [    5.784843] pci_bus 0000:09: resource 1 [mem 0xf6800000-0xf68fffff]
Aug 14 10:57:52 localhost kernel: [    5.784851] pci_bus 0000:09: resource 2 [mem 0xc0600000-0xc07fffff 64bit pref]
Aug 14 10:57:52 localhost kernel: [    5.784859] pci_bus 0000:0d: resource 0 [io  0xc000-0xcfff]
Aug 14 10:57:52 localhost kernel: [    5.784866] pci_bus 0000:0d: resource 1 [mem 0xf6600000-0xf67fffff]
Aug 14 10:57:52 localhost kernel: [    5.784875] pci_bus 0000:0d: resource 2 [mem 0xf0000000-0xf01fffff 64bit pref]
Aug 14 10:57:52 localhost kernel: [    5.784883] pci_bus 0000:03: resource 4 [io  0x0000-0x0cf7 window]
Aug 14 10:57:52 localhost kernel: [    5.784891] pci_bus 0000:03: resource 5 [io  0x0d00-0xffff window]
Aug 14 10:57:52 localhost kernel: [    5.784899] pci_bus 0000:03: resource 6 [mem 0x000a0000-0x000bffff window]
Aug 14 10:57:52 localhost kernel: [    5.784908] pci_bus 0000:03: resource 7 [mem 0x000d0000-0x000dffff window]
Aug 14 10:57:52 localhost kernel: [    5.784916] pci_bus 0000:03: resource 8 [mem 0xc0000000-0xf7ffffff window]
Aug 14 10:57:52 localhost kernel: [    5.784924] pci_bus 0000:03: resource 9 [mem 0xfc000000-0xfebfffff window]
Aug 14 10:57:52 localhost kernel: [    5.784932] pci_bus 0000:03: resource 10 [mem 0xfec10000-0xfecfffff window]
Aug 14 10:57:52 localhost kernel: [    5.784941] pci_bus 0000:03: resource 11 [mem 0xfed1c000-0xfed1ffff window]
Aug 14 10:57:52 localhost kernel: [    5.784949] pci_bus 0000:03: resource 12 [mem 0xfed90000-0xfed9ffff window]
Aug 14 10:57:52 localhost kernel: [    5.784957] pci_bus 0000:03: resource 13 [mem 0xfeda7000-0xfedfffff window]
Aug 14 10:57:52 localhost kernel: [    5.784965] pci_bus 0000:03: resource 14 [mem 0xfee10000-0xff9fffff window]
Aug 14 10:57:52 localhost kernel: [    5.784974] pci_bus 0000:03: resource 15 [mem 0xffc00000-0xffdfffff window]
Aug 14 10:57:52 localhost kernel: [    5.789095] NET: Registered protocol family 2
Aug 14 10:57:52 localhost kernel: [    5.792171] TCP established hash table entries: 32768 (order: 6, 262144 bytes)
Aug 14 10:57:52 localhost kernel: [    5.792856] TCP bind hash table entries: 32768 (order: 7, 524288 bytes)
Aug 14 10:57:52 localhost kernel: [    5.793506] TCP: Hash tables configured (established 32768 bind 32768)
Aug 14 10:57:52 localhost kernel: [    5.793681] UDP hash table entries: 2048 (order: 4, 65536 bytes)
Aug 14 10:57:52 localhost kernel: [    5.793820] UDP-Lite hash table entries: 2048 (order: 4, 65536 bytes)
Aug 14 10:57:52 localhost kernel: [    5.794825] NET: Registered protocol family 1
Aug 14 10:57:52 localhost kernel: [    5.794995] pci 0000:00:02.0: Video device with shadowed ROM at [mem 0x000c0000-0x000dffff]
Aug 14 10:57:52 localhost kernel: [    6.043594] PCI: CLS 64 bytes, default 64
Aug 14 10:57:52 localhost kernel: [    6.044797] Trying to unpack rootfs image as initramfs...
Aug 14 10:57:52 localhost kernel: [   42.911041] Freeing initrd memory: 334300K
Aug 14 10:57:52 localhost kernel: [   42.912577] Scanning for low memory corruption every 60 seconds
Aug 14 10:57:52 localhost kernel: [   42.922310] audit: initializing netlink subsys (disabled)
Aug 14 10:57:52 localhost kernel: [   42.922939] audit: type=2000 audit(1502688438.916:1): initialized
Aug 14 10:57:52 localhost kernel: [   42.932799] Initialise system trusted keyrings
Aug 14 10:57:52 localhost kernel: [   42.933652] workingset: timestamp_bits=46 max_order=20 bucket_order=0
Aug 14 10:57:52 localhost kernel: [   43.233030] zbud: loaded
Aug 14 10:57:52 localhost kernel: [   43.345066] fuse init (API version 7.26)
Aug 14 10:57:52 localhost kernel: [   43.355907] cryptomgr_test (43) used greatest stack depth: 30816 bytes left
Aug 14 10:57:52 localhost kernel: [   43.360453] Key type asymmetric registered
Aug 14 10:57:52 localhost kernel: [   43.360457] Asymmetric key parser 'x509' registered
Aug 14 10:57:52 localhost kernel: [   43.363566] Block layer SCSI generic (bsg) driver version 0.4 loaded (major 248)
Aug 14 10:57:52 localhost kernel: [   43.363847] io scheduler noop registered
Aug 14 10:57:52 localhost kernel: [   43.363851] io scheduler deadline registered (default)
Aug 14 10:57:52 localhost kernel: [   43.369637] io scheduler cfq registered
Aug 14 10:57:52 localhost kernel: [   43.492856] vesafb: mode is 1024x768x32, linelength=4096, pages=0
Aug 14 10:57:52 localhost kernel: [   43.492861] vesafb: scrolling: redraw
Aug 14 10:57:52 localhost kernel: [   43.492868] vesafb: Truecolor: size=8:8:8:8, shift=24:16:8:0
Aug 14 10:57:52 localhost kernel: [   43.493017] vesafb: framebuffer at 0xe0000000, mapped to 0xffffc90000400000, using 3072k, total 3072k
Aug 14 10:57:52 localhost kernel: [   43.547801] Console: switching to colour frame buffer device 128x48
Aug 14 10:57:52 localhost kernel: [   43.597472] fb0: VESA VGA frame buffer device
Aug 14 10:57:52 localhost kernel: [   43.597933] intel_idle: does not run on family 6 model 23
Aug 14 10:57:52 localhost kernel: [   43.600887] ACPI: AC Adapter [AC] (on-line)
Aug 14 10:57:52 localhost kernel: [   43.608816] input: Lid Switch as /devices/LNXSYSTM:00/LNXSYBUS:00/PNP0C0D:00/input/input0
Aug 14 10:57:52 localhost kernel: [   43.614081] ACPI: Lid Switch [LID]
Aug 14 10:57:52 localhost kernel: [   43.618416] input: Power Button as /devices/LNXSYSTM:00/LNXSYBUS:00/PNP0C0C:00/input/input1
Aug 14 10:57:52 localhost kernel: [   43.618451] ACPI: Power Button [PBTN]
Aug 14 10:57:52 localhost kernel: [   43.621000] input: Sleep Button as /devices/LNXSYSTM:00/LNXSYBUS:00/PNP0C0E:00/input/input2
Aug 14 10:57:52 localhost kernel: [   43.621051] ACPI: Sleep Button [SBTN]
Aug 14 10:57:52 localhost kernel: [   43.628514] Monitor-Mwait will be used to enter C-1 state
Aug 14 10:57:52 localhost kernel: [   43.628555] Monitor-Mwait will be used to enter C-2 state
Aug 14 10:57:52 localhost kernel: [   43.628590] Monitor-Mwait will be used to enter C-3 state
Aug 14 10:57:52 localhost kernel: [   43.628622] tsc: Marking TSC unstable due to TSC halts in idle
Aug 14 10:57:52 localhost kernel: [   43.831159] (NULL device *): hwmon_device_register() is deprecated. Please convert the driver to use hwmon_device_register_with_info().
Aug 14 10:57:52 localhost kernel: [   43.872315] thermal LNXTHERM:00: registered as thermal_zone0
Aug 14 10:57:52 localhost kernel: [   43.872321] ACPI: Thermal Zone [THM] (45 C)
Aug 14 10:57:52 localhost kernel: [   43.872979] GHES: HEST is not enabled!
Aug 14 10:57:52 localhost kernel: [   43.874124] ACPI: Battery Slot [BAT0] (battery absent)
Aug 14 10:57:52 localhost kernel: [   43.876130] Serial: 8250/16550 driver, 32 ports, IRQ sharing enabled
Aug 14 10:57:52 localhost kernel: [   43.936087] clocksource: tsc: mask: 0xffffffffffffffff max_cycles: 0x3983300399f, max_idle_ns: 881590548566 ns
Aug 14 10:57:52 localhost kernel: [   43.993124] Linux agpgart interface v0.103
Aug 14 10:57:52 localhost kernel: [   44.125451] brd: module loaded
Aug 14 10:57:52 localhost kernel: [   44.205503] loop: module loaded
Aug 14 10:57:52 localhost kernel: [   44.236886] libphy: Fixed MDIO Bus: probed
Aug 14 10:57:52 localhost kernel: [   44.236892] tun: Universal TUN/TAP device driver, 1.6
Aug 14 10:57:52 localhost kernel: [   44.236895] tun: (C) 1999-2004 Max Krasnyansky <maxk@qualcomm.com>
Aug 14 10:57:52 localhost kernel: [   44.238302] PPP generic driver version 2.4.2
Aug 14 10:57:52 localhost kernel: [   44.239815] ehci_hcd: USB 2.0 'Enhanced' Host Controller (EHCI) Driver
Aug 14 10:57:52 localhost kernel: [   44.239854] ehci-pci: EHCI PCI platform driver
Aug 14 10:57:52 localhost kernel: [   44.258763] ehci-pci 0000:00:1a.7: EHCI Host Controller
Aug 14 10:57:52 localhost kernel: [   44.258953] ehci-pci 0000:00:1a.7: new USB bus registered, assigned bus number 1
Aug 14 10:57:52 localhost kernel: [   44.259024] ehci-pci 0000:00:1a.7: debug port 1
Aug 14 10:57:52 localhost kernel: [   44.263178] ehci-pci 0000:00:1a.7: cache line size of 64 is not supported
Aug 14 10:57:52 localhost kernel: [   44.263553] ehci-pci 0000:00:1a.7: irq 22, io mem 0xfed1c400
Aug 14 10:57:52 localhost kernel: [   44.276177] ehci-pci 0000:00:1a.7: USB 2.0 started, EHCI 1.00
Aug 14 10:57:52 localhost kernel: [   44.277702] usb usb1: New USB device found, idVendor=1d6b, idProduct=0002
Aug 14 10:57:52 localhost kernel: [   44.277710] usb usb1: New USB device strings: Mfr=3, Product=2, SerialNumber=1
Aug 14 10:57:52 localhost kernel: [   44.277717] usb usb1: Product: EHCI Host Controller
Aug 14 10:57:52 localhost kernel: [   44.277723] usb usb1: Manufacturer: Linux 4.10.3 ehci_hcd
Aug 14 10:57:52 localhost kernel: [   44.277729] usb usb1: SerialNumber: 0000:00:1a.7
Aug 14 10:57:52 localhost kernel: [   44.284090] hub 1-0:1.0: USB hub found
Aug 14 10:57:52 localhost kernel: [   44.284362] hub 1-0:1.0: 6 ports detected
Aug 14 10:57:52 localhost kernel: [   44.327561] ehci-pci 0000:00:1d.7: EHCI Host Controller
Aug 14 10:57:52 localhost kernel: [   44.327753] ehci-pci 0000:00:1d.7: new USB bus registered, assigned bus number 2
Aug 14 10:57:52 localhost kernel: [   44.327832] ehci-pci 0000:00:1d.7: debug port 1
Aug 14 10:57:52 localhost kernel: [   44.332086] ehci-pci 0000:00:1d.7: cache line size of 64 is not supported
Aug 14 10:57:52 localhost kernel: [   44.332601] ehci-pci 0000:00:1d.7: irq 20, io mem 0xfed1c000
Aug 14 10:57:52 localhost kernel: [   44.348272] ehci-pci 0000:00:1d.7: USB 2.0 started, EHCI 1.00
Aug 14 10:57:52 localhost kernel: [   44.350148] usb usb2: New USB device found, idVendor=1d6b, idProduct=0002
Aug 14 10:57:52 localhost kernel: [   44.350156] usb usb2: New USB device strings: Mfr=3, Product=2, SerialNumber=1
Aug 14 10:57:52 localhost kernel: [   44.350162] usb usb2: Product: EHCI Host Controller
Aug 14 10:57:52 localhost kernel: [   44.350169] usb usb2: Manufacturer: Linux 4.10.3 ehci_hcd
Aug 14 10:57:52 localhost kernel: [   44.350175] usb usb2: SerialNumber: 0000:00:1d.7
Aug 14 10:57:52 localhost kernel: [   44.357083] hub 2-0:1.0: USB hub found
Aug 14 10:57:52 localhost kernel: [   44.357457] hub 2-0:1.0: 6 ports detected
Aug 14 10:57:52 localhost kernel: [   44.398612] ehci-platform: EHCI generic platform driver
Aug 14 10:57:52 localhost kernel: [   44.398913] ohci_hcd: USB 1.1 'Open' Host Controller (OHCI) Driver
Aug 14 10:57:52 localhost kernel: [   44.398955] ohci-pci: OHCI PCI platform driver
Aug 14 10:57:52 localhost kernel: [   44.399288] ohci-platform: OHCI generic platform driver
Aug 14 10:57:52 localhost kernel: [   44.399516] uhci_hcd: USB Universal Host Controller Interface driver
Aug 14 10:57:52 localhost kernel: [   44.420049] uhci_hcd 0000:00:1a.0: UHCI Host Controller
Aug 14 10:57:52 localhost kernel: [   44.420219] uhci_hcd 0000:00:1a.0: new USB bus registered, assigned bus number 3
Aug 14 10:57:52 localhost kernel: [   44.420278] uhci_hcd 0000:00:1a.0: detected 2 ports
Aug 14 10:57:52 localhost kernel: [   44.420384] uhci_hcd 0000:00:1a.0: irq 20, io base 0x00006f60
Aug 14 10:57:52 localhost kernel: [   44.421774] usb usb3: New USB device found, idVendor=1d6b, idProduct=0001
Aug 14 10:57:52 localhost kernel: [   44.421782] usb usb3: New USB device strings: Mfr=3, Product=2, SerialNumber=1
Aug 14 10:57:52 localhost kernel: [   44.421789] usb usb3: Product: UHCI Host Controller
Aug 14 10:57:52 localhost kernel: [   44.421795] usb usb3: Manufacturer: Linux 4.10.3 uhci_hcd
Aug 14 10:57:52 localhost kernel: [   44.421801] usb usb3: SerialNumber: 0000:00:1a.0
Aug 14 10:57:52 localhost kernel: [   44.427860] hub 3-0:1.0: USB hub found
Aug 14 10:57:52 localhost kernel: [   44.428161] hub 3-0:1.0: 2 ports detected
Aug 14 10:57:52 localhost kernel: [   44.454437] uhci_hcd 0000:00:1a.1: UHCI Host Controller
Aug 14 10:57:52 localhost kernel: [   44.454611] uhci_hcd 0000:00:1a.1: new USB bus registered, assigned bus number 4
Aug 14 10:57:52 localhost kernel: [   44.454679] uhci_hcd 0000:00:1a.1: detected 2 ports
Aug 14 10:57:52 localhost kernel: [   44.455084] uhci_hcd 0000:00:1a.1: irq 21, io base 0x00006f80
Aug 14 10:57:52 localhost kernel: [   44.456922] usb usb4: New USB device found, idVendor=1d6b, idProduct=0001
Aug 14 10:57:52 localhost kernel: [   44.456931] usb usb4: New USB device strings: Mfr=3, Product=2, SerialNumber=1
Aug 14 10:57:52 localhost kernel: [   44.456937] usb usb4: Product: UHCI Host Controller
Aug 14 10:57:52 localhost kernel: [   44.456944] usb usb4: Manufacturer: Linux 4.10.3 uhci_hcd
Aug 14 10:57:52 localhost kernel: [   44.456950] usb usb4: SerialNumber: 0000:00:1a.1
Aug 14 10:57:52 localhost kernel: [   44.478861] hub 4-0:1.0: USB hub found
Aug 14 10:57:52 localhost kernel: [   44.479229] hub 4-0:1.0: 2 ports detected
Aug 14 10:57:52 localhost kernel: [   44.505603] uhci_hcd 0000:00:1a.2: UHCI Host Controller
Aug 14 10:57:52 localhost kernel: [   44.505791] uhci_hcd 0000:00:1a.2: new USB bus registered, assigned bus number 5
Aug 14 10:57:52 localhost kernel: [   44.505859] uhci_hcd 0000:00:1a.2: detected 2 ports
Aug 14 10:57:52 localhost kernel: [   44.505986] uhci_hcd 0000:00:1a.2: irq 22, io base 0x00006fa0
Aug 14 10:57:52 localhost kernel: [   44.507798] usb usb5: New USB device found, idVendor=1d6b, idProduct=0001
Aug 14 10:57:52 localhost kernel: [   44.507807] usb usb5: New USB device strings: Mfr=3, Product=2, SerialNumber=1
Aug 14 10:57:52 localhost kernel: [   44.507813] usb usb5: Product: UHCI Host Controller
Aug 14 10:57:52 localhost kernel: [   44.507819] usb usb5: Manufacturer: Linux 4.10.3 uhci_hcd
Aug 14 10:57:52 localhost kernel: [   44.507826] usb usb5: SerialNumber: 0000:00:1a.2
Aug 14 10:57:52 localhost kernel: [   44.514602] hub 5-0:1.0: USB hub found
Aug 14 10:57:52 localhost kernel: [   44.514973] hub 5-0:1.0: 2 ports detected
Aug 14 10:57:52 localhost kernel: [   44.541404] uhci_hcd 0000:00:1d.0: UHCI Host Controller
Aug 14 10:57:52 localhost kernel: [   44.541578] uhci_hcd 0000:00:1d.0: new USB bus registered, assigned bus number 6
Aug 14 10:57:52 localhost kernel: [   44.541647] uhci_hcd 0000:00:1d.0: detected 2 ports
Aug 14 10:57:52 localhost kernel: [   44.541771] uhci_hcd 0000:00:1d.0: irq 20, io base 0x00006f00
Aug 14 10:57:52 localhost kernel: [   44.543580] usb usb6: New USB device found, idVendor=1d6b, idProduct=0001
Aug 14 10:57:52 localhost kernel: [   44.543588] usb usb6: New USB device strings: Mfr=3, Product=2, SerialNumber=1
Aug 14 10:57:52 localhost kernel: [   44.543594] usb usb6: Product: UHCI Host Controller
Aug 14 10:57:52 localhost kernel: [   44.543601] usb usb6: Manufacturer: Linux 4.10.3 uhci_hcd
Aug 14 10:57:52 localhost kernel: [   44.543607] usb usb6: SerialNumber: 0000:00:1d.0
Aug 14 10:57:52 localhost kernel: [   44.550459] hub 6-0:1.0: USB hub found
Aug 14 10:57:52 localhost kernel: [   44.550824] hub 6-0:1.0: 2 ports detected
Aug 14 10:57:52 localhost kernel: [   44.577297] uhci_hcd 0000:00:1d.1: UHCI Host Controller
Aug 14 10:57:52 localhost kernel: [   44.577472] uhci_hcd 0000:00:1d.1: new USB bus registered, assigned bus number 7
Aug 14 10:57:52 localhost kernel: [   44.577539] uhci_hcd 0000:00:1d.1: detected 2 ports
Aug 14 10:57:52 localhost kernel: [   44.577664] uhci_hcd 0000:00:1d.1: irq 21, io base 0x00006f20
Aug 14 10:57:52 localhost kernel: [   44.579414] usb usb7: New USB device found, idVendor=1d6b, idProduct=0001
Aug 14 10:57:52 localhost kernel: [   44.579422] usb usb7: New USB device strings: Mfr=3, Product=2, SerialNumber=1
Aug 14 10:57:52 localhost kernel: [   44.579429] usb usb7: Product: UHCI Host Controller
Aug 14 10:57:52 localhost kernel: [   44.579435] usb usb7: Manufacturer: Linux 4.10.3 uhci_hcd
Aug 14 10:57:52 localhost kernel: [   44.579441] usb usb7: SerialNumber: 0000:00:1d.1
Aug 14 10:57:52 localhost kernel: [   44.586205] hub 7-0:1.0: USB hub found
Aug 14 10:57:52 localhost kernel: [   44.586571] hub 7-0:1.0: 2 ports detected
Aug 14 10:57:52 localhost kernel: [   44.630664] uhci_hcd 0000:00:1d.2: UHCI Host Controller
Aug 14 10:57:52 localhost kernel: [   44.630840] uhci_hcd 0000:00:1d.2: new USB bus registered, assigned bus number 8
Aug 14 10:57:52 localhost kernel: [   44.630909] uhci_hcd 0000:00:1d.2: detected 2 ports
Aug 14 10:57:52 localhost kernel: [   44.631044] uhci_hcd 0000:00:1d.2: irq 22, io base 0x00006f40
Aug 14 10:57:52 localhost kernel: [   44.632865] usb usb8: New USB device found, idVendor=1d6b, idProduct=0001
Aug 14 10:57:52 localhost kernel: [   44.632874] usb usb8: New USB device strings: Mfr=3, Product=2, SerialNumber=1
Aug 14 10:57:52 localhost kernel: [   44.632880] usb usb8: Product: UHCI Host Controller
Aug 14 10:57:52 localhost kernel: [   44.632887] usb usb8: Manufacturer: Linux 4.10.3 uhci_hcd
Aug 14 10:57:52 localhost kernel: [   44.632893] usb usb8: SerialNumber: 0000:00:1d.2
Aug 14 10:57:52 localhost kernel: [   44.639610] hub 8-0:1.0: USB hub found
Aug 14 10:57:52 localhost kernel: [   44.639975] hub 8-0:1.0: 2 ports detected
Aug 14 10:57:52 localhost kernel: [   44.650111] i8042: PNP: PS/2 Controller [PNP0303:KBC,PNP0f13:PS2M] at 0x60,0x64 irq 1,12
Aug 14 10:57:52 localhost kernel: [   44.660019] random: fast init done
Aug 14 10:57:52 localhost kernel: [   44.668880] i8042: Detected active multiplexing controller, rev 1.1
Aug 14 10:57:52 localhost kernel: [   44.682382] serio: i8042 KBD port at 0x60,0x64 irq 1
Aug 14 10:57:52 localhost kernel: [   44.682435] serio: i8042 AUX0 port at 0x60,0x64 irq 12
Aug 14 10:57:52 localhost kernel: [   44.683992] serio: i8042 AUX1 port at 0x60,0x64 irq 12
Aug 14 10:57:52 localhost kernel: [   44.685642] serio: i8042 AUX2 port at 0x60,0x64 irq 12
Aug 14 10:57:52 localhost kernel: [   44.687272] serio: i8042 AUX3 port at 0x60,0x64 irq 12
Aug 14 10:57:52 localhost kernel: [   44.692667] mousedev: PS/2 mouse device common for all mice
Aug 14 10:57:52 localhost kernel: [   44.698096] rtc_cmos 00:03: RTC can wake from S4
Aug 14 10:57:52 localhost kernel: [   44.700799] rtc_cmos 00:03: rtc core: registered rtc_cmos as rtc0
Aug 14 10:57:52 localhost kernel: [   44.700954] rtc_cmos 00:03: alarms up to one month, y3k, 114 bytes nvram, hpet irqs
Aug 14 10:57:52 localhost kernel: [   44.701131] i2c /dev entries driver
Aug 14 10:57:52 localhost kernel: [   44.730394] device-mapper: uevent: version 1.0.3
Aug 14 10:57:52 localhost kernel: [   44.737772] device-mapper: ioctl: 4.35.0-ioctl (2016-06-23) initialised: dm-devel@redhat.com
Aug 14 10:57:52 localhost kernel: [   44.737879] ledtrig-cpu: registered to indicate activity on CPUs
Aug 14 10:57:52 localhost kernel: [   44.742169] input: AT Translated Set 2 keyboard as /devices/platform/i8042/serio0/input/input3
Aug 14 10:57:52 localhost kernel: [   44.766618] NET: Registered protocol family 10
Aug 14 10:57:52 localhost kernel: [   44.782106] Segment Routing with IPv6
Aug 14 10:57:52 localhost kernel: [   44.782346] NET: Registered protocol family 17
Aug 14 10:57:52 localhost kernel: [   44.782455] Key type dns_resolver registered
Aug 14 10:57:52 localhost kernel: [   44.788635] microcode: sig=0x1067a, pf=0x80, revision=0xa0b
Aug 14 10:57:52 localhost kernel: [   44.789952] microcode: Microcode Update Driver: v2.2.
Aug 14 10:57:52 localhost kernel: [   44.809638] registered taskstats version 1
Aug 14 10:57:52 localhost kernel: [   44.809652] Loading compiled-in X.509 certificates
Aug 14 10:57:52 localhost kernel: [   44.817027] modprobe (92) used greatest stack depth: 28808 bytes left
Aug 14 10:57:52 localhost kernel: [   44.829658] Loaded X.509 cert 'Build time autogenerated kernel key: 09de154fb3f3a9fe7f5d74c3aed96d7bddb438a6'
Aug 14 10:57:52 localhost kernel: [   44.832964] zswap: loaded using pool lzo/zbud
Aug 14 10:57:52 localhost kernel: [   44.909097] Key type trusted registered
Aug 14 10:57:52 localhost kernel: [   44.940143] usb 3-1: new full-speed USB device number 2 using uhci_hcd
Aug 14 10:57:52 localhost kernel: [   44.954774] Key type encrypted registered
Aug 14 10:57:52 localhost kernel: [   44.954800] AppArmor: AppArmor sha1 policy hashing enabled
Aug 14 10:57:52 localhost kernel: [   44.954809] ima: No TPM chip found, activating TPM-bypass! (rc=-19)
Aug 14 10:57:52 localhost kernel: [   44.955180] evm: HMAC attrs: 0x1
Aug 14 10:57:52 localhost kernel: [   44.964878]   Magic number: 13:964:415
Aug 14 10:57:52 localhost kernel: [   44.965197] rtc_cmos 00:03: setting system clock to 2017-08-14 05:27:21 UTC (1502688441)
Aug 14 10:57:52 localhost kernel: [   44.967636] BIOS EDD facility v0.16 2004-Jun-25, 0 devices found
Aug 14 10:57:52 localhost kernel: [   44.967638] EDD information not available.
Aug 14 10:57:52 localhost kernel: [   44.970190] PM: Hibernation image not present or could not be loaded.
Aug 14 10:57:52 localhost kernel: [   44.975384] Freeing unused kernel memory: 1908K
Aug 14 10:57:52 localhost kernel: [   44.975391] Write protecting the kernel read-only data: 22528k
Aug 14 10:57:52 localhost kernel: [   44.977081] Freeing unused kernel memory: 544K
Aug 14 10:57:52 localhost kernel: [   45.007250] Freeing unused kernel memory: 1756K
Aug 14 10:57:52 localhost kernel: [   45.023637] mount (113) used greatest stack depth: 28536 bytes left
Aug 14 10:57:52 localhost kernel: [   45.148452] usb 3-1: New USB device found, idVendor=0a5c, idProduct=4500
Aug 14 10:57:52 localhost kernel: [   45.148462] usb 3-1: New USB device strings: Mfr=1, Product=2, SerialNumber=0
Aug 14 10:57:52 localhost kernel: [   45.148468] usb 3-1: Product: BCM2046B1
Aug 14 10:57:52 localhost kernel: [   45.148475] usb 3-1: Manufacturer: Broadcom
Aug 14 10:57:52 localhost kernel: [   45.156135] hub 3-1:1.0: USB hub found
Aug 14 10:57:52 localhost kernel: [   45.158155] hub 3-1:1.0: 3 ports detected
Aug 14 10:57:52 localhost kernel: [   45.456086] usb 3-1.1: new full-speed USB device number 3 using uhci_hcd
Aug 14 10:57:52 localhost kernel: [   45.532061] usb 1-5: new high-speed USB device number 3 using ehci-pci
Aug 14 10:57:52 localhost kernel: [   45.590207] usb 3-1.1: New USB device found, idVendor=413c, idProduct=8161
Aug 14 10:57:52 localhost kernel: [   45.590219] usb 3-1.1: New USB device strings: Mfr=0, Product=0, SerialNumber=0
Aug 14 10:57:52 localhost kernel: [   45.696084] usb 3-1.2: new full-speed USB device number 4 using uhci_hcd
Aug 14 10:57:52 localhost kernel: [   45.707936] hidraw: raw HID events driver (C) Jiri Kosina
Aug 14 10:57:52 localhost kernel: [   45.778186] usb 1-5: New USB device found, idVendor=0bda, idProduct=0158
Aug 14 10:57:52 localhost kernel: [   45.778196] usb 1-5: New USB device strings: Mfr=1, Product=2, SerialNumber=3
Aug 14 10:57:52 localhost kernel: [   45.778202] usb 1-5: Product: USB2.0-CRW
Aug 14 10:57:52 localhost kernel: [   45.778208] usb 1-5: Manufacturer: Generic
Aug 14 10:57:52 localhost kernel: [   45.778214] usb 1-5: SerialNumber: 20071114173400000
Aug 14 10:57:52 localhost kernel: [   45.797889] usbcore: registered new interface driver usbhid
Aug 14 10:57:52 localhost kernel: [   45.797893] usbhid: USB HID core driver
Aug 14 10:57:52 localhost kernel: [   45.842209] usb 3-1.2: New USB device found, idVendor=413c, idProduct=8162
Aug 14 10:57:52 localhost kernel: [   45.842218] usb 3-1.2: New USB device strings: Mfr=0, Product=0, SerialNumber=0
Aug 14 10:57:52 localhost kernel: [   45.918787] input: HID 413c:8161 as /devices/pci0000:00/0000:00:1a.0/usb3/3-1/3-1.1/3-1.1:1.0/0003:413C:8161.0001/input/input8
Aug 14 10:57:52 localhost kernel: [   45.930931] usbcore: registered new interface driver usb-storage
Aug 14 10:57:52 localhost kernel: [   45.932432] input: HID 413c:8162 as /devices/pci0000:00/0000:00:1a.0/usb3/3-1/3-1.2/3-1.2:1.0/0003:413C:8162.0002/input/input9
Aug 14 10:57:52 localhost kernel: [   45.961352] usbcore: registered new interface driver uas
Aug 14 10:57:52 localhost kernel: [   45.977039] usb 1-6: new high-speed USB device number 4 using ehci-pci
Aug 14 10:57:52 localhost kernel: [   45.981366] hid-generic 0003:413C:8161.0001: input,hidraw0: USB HID v1.11 Keyboard [HID 413c:8161] on usb-0000:00:1a.0-1.1/input0
Aug 14 10:57:52 localhost kernel: [   45.996870] hid-generic 0003:413C:8162.0002: input,hidraw1: USB HID v1.11 Mouse [HID 413c:8162] on usb-0000:00:1a.0-1.2/input0
Aug 14 10:57:52 localhost kernel: [   45.998147] ums-realtek 1-5:1.0: USB Mass Storage device detected
Aug 14 10:57:52 localhost kernel: [   46.070503] scsi host0: usb-storage 1-5:1.0
Aug 14 10:57:52 localhost kernel: [   46.103565] udevadm (130) used greatest stack depth: 27432 bytes left
Aug 14 10:57:52 localhost kernel: [   46.112494] usbcore: registered new interface driver ums-realtek
Aug 14 10:57:52 localhost kernel: [   46.215804] usb 1-6: New USB device found, idVendor=0c45, idProduct=63ee
Aug 14 10:57:52 localhost kernel: [   46.215814] usb 1-6: New USB device strings: Mfr=2, Product=1, SerialNumber=0
Aug 14 10:57:52 localhost kernel: [   46.215821] usb 1-6: Product: Integrated_Webcam_1.3M
Aug 14 10:57:52 localhost kernel: [   46.215827] usb 1-6: Manufacturer: 
Aug 14 10:57:52 localhost kernel: [   46.269299] FUJITSU Extended Socket Network Device Driver - version 1.2 - Copyright (c) 2015 FUJITSU LIMITED
Aug 14 10:57:52 localhost kernel: [   46.299050] wmi: Mapper loaded
Aug 14 10:57:52 localhost kernel: [   46.872812] [drm] Initialized
Aug 14 10:57:52 localhost kernel: [   47.152424] scsi 0:0:0:0: Direct-Access     Generic- Multi-Card       1.00 PQ: 0 ANSI: 0 CCS
Aug 14 10:57:52 localhost kernel: [   47.173942] sky2: driver version 1.30
Aug 14 10:57:52 localhost kernel: [   47.178913] sky2 0000:09:00.0: Yukon-2 FE+ chip revision 0
Aug 14 10:57:52 localhost kernel: [   47.187450] sd 0:0:0:0: Attached scsi generic sg0 type 0
Aug 14 10:57:52 localhost kernel: [   47.193836] sd 0:0:0:0: [sda] Attached SCSI removable disk
Aug 14 10:57:52 localhost kernel: [   47.194166] sky2 0000:09:00.0 eth0: addr 00:23:ae:20:78:38
Aug 14 10:57:52 localhost kernel: [   47.227919] ahci 0000:00:1f.2: version 3.0
Aug 14 10:57:52 localhost kernel: [   47.332571] ahci 0000:00:1f.2: SSS flag set, parallel bus scan disabled
Aug 14 10:57:52 localhost kernel: [   47.332646] ahci 0000:00:1f.2: AHCI 0001.0200 32 slots 4 ports 3 Gbps 0x33 impl SATA mode
Aug 14 10:57:52 localhost kernel: [   47.332659] ahci 0000:00:1f.2: flags: 64bit ncq sntf stag pm led clo pio slum part ccc ems 
Aug 14 10:57:52 localhost kernel: [   47.528704] ssb: Found chip with id 0x4312, rev 0x01 and package 0x00
Aug 14 10:57:52 localhost kernel: [   47.528728] ssb: Core 0 found: ChipCommon (cc 0x800, rev 0x16, vendor 0x4243)
Aug 14 10:57:52 localhost kernel: [   47.528749] ssb: Core 1 found: IEEE 802.11 (cc 0x812, rev 0x0F, vendor 0x4243)
Aug 14 10:57:52 localhost kernel: [   47.528770] ssb: Core 2 found: PCMCIA (cc 0x80D, rev 0x0A, vendor 0x4243)
Aug 14 10:57:52 localhost kernel: [   47.528791] ssb: Core 3 found: PCI-E (cc 0x820, rev 0x09, vendor 0x4243)
Aug 14 10:57:52 localhost kernel: [   47.582007] sky2 0000:09:00.0 enp9s0: renamed from eth0
Aug 14 10:57:52 localhost kernel: [   47.624783] scsi host1: ahci
Aug 14 10:57:52 localhost kernel: [   47.633698] scsi host2: ahci
Aug 14 10:57:52 localhost kernel: [   47.639529] scsi host3: ahci
Aug 14 10:57:52 localhost kernel: [   47.645606] scsi host4: ahci
Aug 14 10:57:52 localhost kernel: [   47.651826] scsi host5: ahci
Aug 14 10:57:52 localhost kernel: [   47.671961] ssb: Sonics Silicon Backplane found on PCI device 0000:0c:00.0
Aug 14 10:57:52 localhost kernel: [   47.674547] scsi host6: ahci
Aug 14 10:57:52 localhost kernel: [   47.680735] ata1: SATA max UDMA/133 abar m2048@0xfed1c800 port 0xfed1c900 irq 29
Aug 14 10:57:52 localhost kernel: [   47.680743] ata2: SATA max UDMA/133 abar m2048@0xfed1c800 port 0xfed1c980 irq 29
Aug 14 10:57:52 localhost kernel: [   47.680747] ata3: DUMMY
Aug 14 10:57:52 localhost kernel: [   47.680750] ata4: DUMMY
Aug 14 10:57:52 localhost kernel: [   47.680757] ata5: SATA max UDMA/133 abar m2048@0xfed1c800 port 0xfed1cb00 irq 29
Aug 14 10:57:52 localhost kernel: [   47.680763] ata6: SATA max UDMA/133 abar m2048@0xfed1c800 port 0xfed1cb80 irq 29
Aug 14 10:57:52 localhost kernel: [   47.994817] ata1: SATA link up 3.0 Gbps (SStatus 123 SControl 300)
Aug 14 10:57:52 localhost kernel: [   48.038017] ata1.00: ATA-8: WDC WD3200BEVT-75ZCT2, 11.01A11, max UDMA/133
Aug 14 10:57:52 localhost kernel: [   48.038025] ata1.00: 625142448 sectors, multi 8: LBA48 NCQ (depth 31/32), AA
Aug 14 10:57:52 localhost kernel: [   48.040570] ata1.00: configured for UDMA/133
Aug 14 10:57:52 localhost kernel: [   48.042175] scsi 1:0:0:0: Direct-Access     ATA      WDC WD3200BEVT-7 1A11 PQ: 0 ANSI: 5
Aug 14 10:57:52 localhost kernel: [   49.390939] sd 1:0:0:0: [sdb] 625142448 512-byte logical blocks: (320 GB/298 GiB)
Aug 14 10:57:52 localhost kernel: [   49.391133] sd 1:0:0:0: [sdb] Write Protect is off
Aug 14 10:57:52 localhost kernel: [   49.391142] sd 1:0:0:0: [sdb] Mode Sense: 00 3a 00 00
Aug 14 10:57:52 localhost kernel: [   49.391518] sd 1:0:0:0: [sdb] Write cache: enabled, read cache: enabled, doesn't support DPO or FUA
Aug 14 10:57:52 localhost kernel: [   49.400509] sd 1:0:0:0: Attached scsi generic sg1 type 0
Aug 14 10:57:52 localhost kernel: [   49.413296] pci 0000:00:00.0: Intel GM45 Chipset
Aug 14 10:57:52 localhost kernel: [   49.414035] pci 0000:00:00.0: detected gtt size: 2097152K total, 262144K mappable
Aug 14 10:57:52 localhost kernel: [   49.415111] pci 0000:00:00.0: detected 32768K stolen memory
Aug 14 10:57:52 localhost kernel: [   49.415871] [drm] Memory usable by graphics device = 2048M
Aug 14 10:57:52 localhost kernel: [   49.415913] checking generic (e0000000 300000) vs hw (e0000000 10000000)
Aug 14 10:57:52 localhost kernel: [   49.415917] fb: switching to inteldrmfb from VESA VGA
Aug 14 10:57:52 localhost kernel: [   49.416697] Console: switching to colour dummy device 80x25
Aug 14 10:57:52 localhost kernel: [   49.417913] [drm] Replacing VGA console driver
Aug 14 10:57:52 localhost kernel: [   49.447376] [drm] Supports vblank timestamp caching Rev 2 (21.10.2013).
Aug 14 10:57:52 localhost kernel: [   49.447380] [drm] Driver supports precise vblank timestamp query.
Aug 14 10:57:52 localhost kernel: [   49.494674] i915 0000:00:02.0: vgaarb: changed VGA decodes: olddecodes=io+mem,decodes=io+mem:owns=io+mem
Aug 14 10:57:52 localhost kernel: [   49.512239]  sdb: sdb1 sdb3 sdb4 < sdb5 sdb6 sdb7 sdb8 >
Aug 14 10:57:52 localhost kernel: [   49.530847] sd 1:0:0:0: [sdb] Attached SCSI disk
Aug 14 10:57:52 localhost kernel: [   49.545003] [drm] RC6 disabled, disabling runtime PM support
Aug 14 10:57:52 localhost kernel: [   49.589436] ACPI: Video Device [VID1] (multi-head: yes  rom: no  post: no)
Aug 14 10:57:52 localhost kernel: [   49.720636] ata2: SATA link up 1.5 Gbps (SStatus 113 SControl 300)
Aug 14 10:57:52 localhost kernel: [   49.720987] ata2.00: ATAPI: PLDS DVD+/-RW DS-8A3S, HD14, max UDMA/100
Aug 14 10:57:52 localhost kernel: [   49.722137] ata2.00: configured for UDMA/100
Aug 14 10:57:52 localhost kernel: [   49.728317] scsi 2:0:0:0: CD-ROM            PLDS     DVD+-RW DS-8A3S  HD14 PQ: 0 ANSI: 5
Aug 14 10:57:52 localhost kernel: [   49.764931] sr 2:0:0:0: [sr0] scsi3-mmc drive: 24x/8x writer dvd-ram cd/rw xa/form2 cdda pop-up
Aug 14 10:57:52 localhost kernel: [   49.764942] cdrom: Uniform CD-ROM driver Revision: 3.20
Aug 14 10:57:52 localhost kernel: [   49.773801] sr 2:0:0:0: Attached scsi CD-ROM sr0
Aug 14 10:57:52 localhost kernel: [   49.777320] sr 2:0:0:0: Attached scsi generic sg2 type 5
Aug 14 10:57:52 localhost kernel: [   49.875226] acpi device:3b: registered as cooling_device2
Aug 14 10:57:52 localhost kernel: [   49.886685] input: Video Bus as /devices/LNXSYSTM:00/LNXSYBUS:00/PNP0A03:00/LNXVIDEO:01/input/input12
Aug 14 10:57:52 localhost kernel: [   49.894656] [Firmware Bug]: Duplicate ACPI video bus devices for the same VGA controller, please try module parameter "video.allow_duplicates=1"if the current driver doesn't work.
Aug 14 10:57:52 localhost kernel: [   49.895133] [drm] Initialized i915 1.6.0 20161121 for 0000:00:02.0 on minor 0
Aug 14 10:57:52 localhost kernel: [   49.912669] fbcon: inteldrmfb (fb0) is primary device
Aug 14 10:57:52 localhost kernel: [   50.075697] input: AlpsPS/2 ALPS GlidePoint as /devices/platform/i8042/serio2/input/input11
Aug 14 10:57:52 localhost kernel: [   50.096509] ata5: SATA link down (SStatus 0 SControl 300)
Aug 14 10:57:52 localhost kernel: [   50.412002] ata6: SATA link down (SStatus 0 SControl 300)
Aug 14 10:57:52 localhost kernel: [   50.872838] Console: switching to colour frame buffer device 170x48
Aug 14 10:57:52 localhost kernel: [   50.916933] i915 0000:00:02.0: fb0: inteldrmfb frame buffer device
Aug 14 10:57:52 localhost kernel: [   51.051043] ata_id (173) used greatest stack depth: 26352 bytes left
Aug 14 10:57:52 localhost kernel: [   51.850188] systemd-udevd (148) used greatest stack depth: 25248 bytes left
Aug 14 10:57:52 localhost kernel: [   51.860970] systemd-udevd (145) used greatest stack depth: 25000 bytes left
Aug 14 10:57:52 localhost kernel: [   52.342029] EXT4-fs (sdb7): mounted filesystem with ordered data mode. Opts: (null)
Aug 14 10:57:52 localhost kernel: [   52.652845] random: crng init done
Aug 14 10:57:52 localhost kernel: [   58.768940] ip_tables: (C) 2000-2006 Netfilter Core Team
Aug 14 10:57:52 localhost kernel: [   58.780491] lp: driver loaded but no devices found
Aug 14 10:57:52 localhost kernel: [   58.852688] ppdev: user-space parallel port driver
Aug 14 10:57:52 localhost kernel: [   59.396616] nf_conntrack version 0.5.0 (16384 buckets, 65536 max)
Aug 14 10:57:52 localhost kernel: [   60.218486] ip6_tables: (C) 2000-2006 Netfilter Core Team
Aug 14 10:57:52 localhost kernel: [   60.823375] EXT4-fs (sdb7): re-mounted. Opts: errors=remount-ro
Aug 14 10:57:52 localhost kernel: [   64.286705] audit: type=1400 audit(1502688460.816:2): apparmor="STATUS" operation="profile_load" name="/sbin/dhclient" pid=457 comm="apparmor_parser"
Aug 14 10:57:52 localhost kernel: [   64.286782] audit: type=1400 audit(1502688460.816:3): apparmor="STATUS" operation="profile_load" name="/usr/lib/NetworkManager/nm-dhcp-client.action" pid=457 comm="apparmor_parser"
Aug 14 10:57:52 localhost kernel: [   64.286853] audit: type=1400 audit(1502688460.816:4): apparmor="STATUS" operation="profile_load" name="/usr/lib/NetworkManager/nm-dhcp-helper" pid=457 comm="apparmor_parser"
Aug 14 10:57:52 localhost kernel: [   64.286923] audit: type=1400 audit(1502688460.816:5): apparmor="STATUS" operation="profile_load" name="/usr/lib/connman/scripts/dhclient-script" pid=457 comm="apparmor_parser"
Aug 14 10:57:52 localhost kernel: [   64.338743] audit: type=1400 audit(1502688460.868:6): apparmor="STATUS" operation="profile_load" name="/usr/lib/lightdm/lightdm-guest-session" pid=456 comm="apparmor_parser"
Aug 14 10:57:52 localhost kernel: [   64.338818] audit: type=1400 audit(1502688460.868:7): apparmor="STATUS" operation="profile_load" name="/usr/lib/lightdm/lightdm-guest-session//chromium" pid=456 comm="apparmor_parser"
Aug 14 10:57:52 localhost kernel: [   64.396889] audit: type=1400 audit(1502688460.928:8): apparmor="STATUS" operation="profile_load" name="system_tor" pid=463 comm="apparmor_parser"
Aug 14 10:57:52 localhost kernel: [   64.442579] audit: type=1400 audit(1502688460.972:9): apparmor="STATUS" operation="profile_load" name="/usr/bin/ubuntu-core-launcher" pid=469 comm="apparmor_parser"
